Archive member included to satisfy reference by file (symbol)

e:/compiler/bin/../lib/gcc/arm-none-eabi/10.2.1/thumb/v7-m/nofp\libgcc.a(_arm_mulsf3.o)
                              CMakeFiles/ServoControl.elf.dir/UserApp/Servo/Servo.c.obj (__aeabi_fmul)
e:/compiler/bin/../lib/gcc/arm-none-eabi/10.2.1/thumb/v7-m/nofp\libgcc.a(_arm_addsubsf3.o)
                              CMakeFiles/ServoControl.elf.dir/UserApp/Servo/Servo.c.obj (__aeabi_fsub)
e:/compiler/bin/../lib/gcc/arm-none-eabi/10.2.1/thumb/v7-m/nofp\libgcc.a(_arm_muldivsf3.o)
                              CMakeFiles/ServoControl.elf.dir/UserApp/Servo/Servo.c.obj (__aeabi_fdiv)
e:/compiler/bin/../lib/gcc/arm-none-eabi/10.2.1/thumb/v7-m/nofp\libgcc.a(_arm_cmpsf2.o)
                              CMakeFiles/ServoControl.elf.dir/UserApp/Servo/Servo.c.obj (__aeabi_fcmplt)
e:/compiler/bin/../lib/gcc/arm-none-eabi/10.2.1/thumb/v7-m/nofp\libgcc.a(_arm_fixunssfsi.o)
                              CMakeFiles/ServoControl.elf.dir/UserApp/Servo/Servo.c.obj (__aeabi_f2uiz)
e:/compiler/bin/../lib/gcc/arm-none-eabi/10.2.1/../../../../arm-none-eabi/lib/thumb/v7-m/nofp\libg.a(lib_a-errno.o)
                              CMakeFiles/ServoControl.elf.dir/Core/Src/syscalls.c.obj (__errno)
e:/compiler/bin/../lib/gcc/arm-none-eabi/10.2.1/../../../../arm-none-eabi/lib/thumb/v7-m/nofp\libg.a(lib_a-exit.o)
                              e:/compiler/bin/../lib/gcc/arm-none-eabi/10.2.1/../../../../arm-none-eabi/lib/thumb/v7-m/nofp/crt0.o (exit)
e:/compiler/bin/../lib/gcc/arm-none-eabi/10.2.1/../../../../arm-none-eabi/lib/thumb/v7-m/nofp\libg.a(lib_a-impure.o)
                              e:/compiler/bin/../lib/gcc/arm-none-eabi/10.2.1/../../../../arm-none-eabi/lib/thumb/v7-m/nofp\libg.a(lib_a-exit.o) (_global_impure_ptr)
e:/compiler/bin/../lib/gcc/arm-none-eabi/10.2.1/../../../../arm-none-eabi/lib/thumb/v7-m/nofp\libg.a(lib_a-init.o)
                              e:/compiler/bin/../lib/gcc/arm-none-eabi/10.2.1/../../../../arm-none-eabi/lib/thumb/v7-m/nofp/crt0.o (__libc_init_array)
e:/compiler/bin/../lib/gcc/arm-none-eabi/10.2.1/../../../../arm-none-eabi/lib/thumb/v7-m/nofp\libg.a(lib_a-memset.o)
                              e:/compiler/bin/../lib/gcc/arm-none-eabi/10.2.1/../../../../arm-none-eabi/lib/thumb/v7-m/nofp/crt0.o (memset)
e:/compiler/bin/../lib/gcc/arm-none-eabi/10.2.1/../../../../arm-none-eabi/lib/thumb/v7-m/nofp\libg.a(lib_a-printf.o)
                              CMakeFiles/ServoControl.elf.dir/Core/Src/main.c.obj (printf)
e:/compiler/bin/../lib/gcc/arm-none-eabi/10.2.1/../../../../arm-none-eabi/lib/thumb/v7-m/nofp\libg.a(lib_a-puts.o)
                              CMakeFiles/ServoControl.elf.dir/UserApp/Servo/Servo.c.obj (puts)
e:/compiler/bin/../lib/gcc/arm-none-eabi/10.2.1/../../../../arm-none-eabi/lib/thumb/v7-m/nofp\libg.a(lib_a-strlen-stub.o)
                              e:/compiler/bin/../lib/gcc/arm-none-eabi/10.2.1/../../../../arm-none-eabi/lib/thumb/v7-m/nofp\libg.a(lib_a-puts.o) (strlen)
e:/compiler/bin/../lib/gcc/arm-none-eabi/10.2.1/../../../../arm-none-eabi/lib/thumb/v7-m/nofp\libg.a(lib_a-vfprintf.o)
                              e:/compiler/bin/../lib/gcc/arm-none-eabi/10.2.1/../../../../arm-none-eabi/lib/thumb/v7-m/nofp\libg.a(lib_a-printf.o) (_vfprintf_r)
e:/compiler/bin/../lib/gcc/arm-none-eabi/10.2.1/../../../../arm-none-eabi/lib/thumb/v7-m/nofp\libg.a(lib_a-wsetup.o)
                              e:/compiler/bin/../lib/gcc/arm-none-eabi/10.2.1/../../../../arm-none-eabi/lib/thumb/v7-m/nofp\libg.a(lib_a-vfprintf.o) (__swsetup_r)
e:/compiler/bin/../lib/gcc/arm-none-eabi/10.2.1/../../../../arm-none-eabi/lib/thumb/v7-m/nofp\libg.a(lib_a-__call_atexit.o)
                              e:/compiler/bin/../lib/gcc/arm-none-eabi/10.2.1/../../../../arm-none-eabi/lib/thumb/v7-m/nofp\libg.a(lib_a-exit.o) (__call_exitprocs)
e:/compiler/bin/../lib/gcc/arm-none-eabi/10.2.1/../../../../arm-none-eabi/lib/thumb/v7-m/nofp\libg.a(lib_a-atexit.o)
                              e:/compiler/bin/../lib/gcc/arm-none-eabi/10.2.1/../../../../arm-none-eabi/lib/thumb/v7-m/nofp\libg.a(lib_a-__call_atexit.o) (atexit)
e:/compiler/bin/../lib/gcc/arm-none-eabi/10.2.1/../../../../arm-none-eabi/lib/thumb/v7-m/nofp\libg.a(lib_a-dtoa.o)
                              e:/compiler/bin/../lib/gcc/arm-none-eabi/10.2.1/../../../../arm-none-eabi/lib/thumb/v7-m/nofp\libg.a(lib_a-vfprintf.o) (_dtoa_r)
e:/compiler/bin/../lib/gcc/arm-none-eabi/10.2.1/../../../../arm-none-eabi/lib/thumb/v7-m/nofp\libg.a(lib_a-fflush.o)
                              e:/compiler/bin/../lib/gcc/arm-none-eabi/10.2.1/../../../../arm-none-eabi/lib/thumb/v7-m/nofp\libg.a(lib_a-vfprintf.o) (_fflush_r)
e:/compiler/bin/../lib/gcc/arm-none-eabi/10.2.1/../../../../arm-none-eabi/lib/thumb/v7-m/nofp\libg.a(lib_a-findfp.o)
                              e:/compiler/bin/../lib/gcc/arm-none-eabi/10.2.1/../../../../arm-none-eabi/lib/thumb/v7-m/nofp\libg.a(lib_a-puts.o) (__sinit)
[...]
Memory Configuration

Name             Origin             Length             Attributes
RAM              0x20000000         0x00005000         xrw
FLASH            0x08000000         0x00010000         xr
*default*        0x00000000         0xffffffff

Linker script and memory map

LOAD e:/compiler/bin/../lib/gcc/arm-none-eabi/10.2.1/thumb/v7-m/nofp/crti.o
LOAD e:/compiler/bin/../lib/gcc/arm-none-eabi/10.2.1/thumb/v7-m/nofp/crtbegin.o
LOAD e:/compiler/bin/../lib/gcc/arm-none-eabi/10.2.1/../../../../arm-none-eabi/lib/thumb/v7-m/nofp/crt0.o
LOAD CMakeFiles/ServoControl.elf.dir/Core/Src/main.c.obj
LOAD CMakeFiles/ServoControl.elf.dir/Core/Src/stm32f1xx_hal_msp.c.obj
LOAD CMakeFiles/ServoControl.elf.dir/Core/Src/stm32f1xx_it.c.obj
LOAD CMakeFiles/ServoControl.elf.dir/Core/Src/syscalls.c.obj
LOAD CMakeFiles/ServoControl.elf.dir/Core/Src/sysmem.c.obj
LOAD CMakeFiles/ServoControl.elf.dir/Core/Src/system_stm32f1xx.c.obj
LOAD CMakeFiles/ServoControl.elf.dir/Core/Startup/startup_stm32f103c8tx.s.obj
LOAD CMakeFiles/ServoControl.elf.dir/Drivers/STM32F1xx_HAL_Driver/Src/stm32f1xx_hal.c.obj
LOAD CMakeFiles/ServoControl.elf.dir/Drivers/STM32F1xx_HAL_Driver/Src/stm32f1xx_hal_cortex.c.obj
LOAD CMakeFiles/ServoControl.elf.dir/Drivers/STM32F1xx_HAL_Driver/Src/stm32f1xx_hal_dma.c.obj
LOAD CMakeFiles/ServoControl.elf.dir/Drivers/STM32F1xx_HAL_Driver/Src/stm32f1xx_hal_exti.c.obj
LOAD CMakeFiles/ServoControl.elf.dir/Drivers/STM32F1xx_HAL_Driver/Src/stm32f1xx_hal_flash.c.obj
LOAD CMakeFiles/ServoControl.elf.dir/Drivers/STM32F1xx_HAL_Driver/Src/stm32f1xx_hal_flash_ex.c.obj
LOAD CMakeFiles/ServoControl.elf.dir/Drivers/STM32F1xx_HAL_Driver/Src/stm32f1xx_hal_gpio.c.obj
LOAD CMakeFiles/ServoControl.elf.dir/Drivers/STM32F1xx_HAL_Driver/Src/stm32f1xx_hal_gpio_ex.c.obj
LOAD CMakeFiles/ServoControl.elf.dir/Drivers/STM32F1xx_HAL_Driver/Src/stm32f1xx_hal_pwr.c.obj
LOAD CMakeFiles/ServoControl.elf.dir/Drivers/STM32F1xx_HAL_Driver/Src/stm32f1xx_hal_rcc.c.obj
LOAD CMakeFiles/ServoControl.elf.dir/Drivers/STM32F1xx_HAL_Driver/Src/stm32f1xx_hal_rcc_ex.c.obj
LOAD CMakeFiles/ServoControl.elf.dir/Drivers/STM32F1xx_HAL_Driver/Src/stm32f1xx_hal_tim.c.obj
LOAD CMakeFiles/ServoControl.elf.dir/Drivers/STM32F1xx_HAL_Driver/Src/stm32f1xx_hal_tim_ex.c.obj
LOAD CMakeFiles/ServoControl.elf.dir/UserApp/Servo/Servo.c.obj
START GROUP
LOAD e:/compiler/bin/../lib/gcc/arm-none-eabi/10.2.1/thumb/v7-m/nofp\libgcc.a
LOAD e:/compiler/bin/../lib/gcc/arm-none-eabi/10.2.1/../../../../arm-none-eabi/lib/thumb/v7-m/nofp\libg.a
LOAD e:/compiler/bin/../lib/gcc/arm-none-eabi/10.2.1/../../../../arm-none-eabi/lib/thumb/v7-m/nofp\libc.a
END GROUP
LOAD e:/compiler/bin/../lib/gcc/arm-none-eabi/10.2.1/thumb/v7-m/nofp/crtend.o
LOAD e:/compiler/bin/../lib/gcc/arm-none-eabi/10.2.1/thumb/v7-m/nofp/crtn.o
                0x20005000                _estack = (ORIGIN (RAM) + LENGTH (RAM))
                0x00000200                _Min_Heap_Size = 0x200
                0x00000400                _Min_Stack_Size = 0x400

.isr_vector     0x08000000      0x10c
                0x08000000                . = ALIGN (0x4)
 *(.isr_vector)
 .isr_vector    0x08000000      0x10c CMakeFiles/ServoControl.elf.dir/Core/Startup/startup_stm32f103c8tx.s.obj
                0x08000000                g_pfnVectors
                0x0800010c                . = ALIGN (0x4)

.text           0x08000110     0x880c
                0x08000110                . = ALIGN (0x4)
 *(.text)
 .text          0x08000110       0x40 e:/compiler/bin/../lib/gcc/arm-none-eabi/10.2.1/thumb/v7-m/nofp/crtbegin.o
 .text          0x08000150      0x21c e:/compiler/bin/../lib/gcc/arm-none-eabi/10.2.1/thumb/v7-m/nofp\libgcc.a(_arm_addsubsf3.o)
                0x08000150                __aeabi_frsub
                0x08000158                __subsf3
                0x08000158                __aeabi_fsub
                0x0800015c                __aeabi_fadd
                0x0800015c                __addsf3
                0x080002bc                __aeabi_ui2f
                0x080002bc                __floatunsisf
                0x080002c4                __aeabi_i2f
                0x080002c4                __floatsisf
                0x080002e0                __aeabi_ul2f
                0x080002e0                __floatundisf
                0x080002f0                __aeabi_l2f
                0x080002f0                __floatdisf
 .text          0x0800036c      0x2a0 e:/compiler/bin/../lib/gcc/arm-none-eabi/10.2.1/thumb/v7-m/nofp\libgcc.a(_arm_muldivsf3.o)
                0x0800036c                __mulsf3
                0x0800036c                __aeabi_fmul
                0x080004d4                __aeabi_fdiv
                0x080004d4                __divsf3
 .text          0x0800060c       0xec e:/compiler/bin/../lib/gcc/arm-none-eabi/10.2.1/thumb/v7-m/nofp\libgcc.a(_arm_cmpsf2.o)
                0x0800060c                __gesf2
                0x0800060c                __gtsf2
                0x08000614                __lesf2
                0x08000614                __ltsf2
                0x0800061c                __nesf2
                0x0800061c                __eqsf2
                0x0800061c                __cmpsf2
                0x0800067c                __aeabi_cfrcmple
                0x08000684                __aeabi_cfcmpeq
                0x08000684                __aeabi_cfcmple
                0x08000694                __aeabi_fcmpeq
                0x080006a8                __aeabi_fcmplt
                0x080006bc                __aeabi_fcmple
                0x080006d0                __aeabi_fcmpge
                0x080006e4                __aeabi_fcmpgt
 .text          0x080006f8       0x40 e:/compiler/bin/../lib/gcc/arm-none-eabi/10.2.1/thumb/v7-m/nofp\libgcc.a(_arm_fixunssfsi.o)
                0x080006f8                __fixunssfsi
                0x080006f8                __aeabi_f2uiz
 .text          0x08000738       0xec e:/compiler/bin/../lib/gcc/arm-none-eabi/10.2.1/../../../../arm-none-eabi/lib/thumb/v7-m/nofp\libg.a(lib_a-memcpy.o)
                0x08000738                memcpy
 .text          0x08000824      0x378 e:/compiler/bin/../lib/gcc/arm-none-eabi/10.2.1/thumb/v7-m/nofp\libgcc.a(_arm_addsubdf3.o)
                0x08000824                __aeabi_drsub
                0x0800082c                __aeabi_dsub
                0x0800082c                __subdf3
                0x08000830                __aeabi_dadd
                0x08000830                __adddf3
                0x08000aa8                __floatunsidf
                0x08000aa8                __aeabi_ui2d
                0x08000ac8                __floatsidf
                0x08000ac8                __aeabi_i2d
                0x08000aec                __aeabi_f2d
                0x08000aec                __extendsfdf2
                0x08000b30                __floatundidf
                0x08000b30                __aeabi_ul2d
                0x08000b40                __floatdidf
                0x08000b40                __aeabi_l2d
 .text          0x08000b9c      0x424 e:/compiler/bin/../lib/gcc/arm-none-eabi/10.2.1/thumb/v7-m/nofp\libgcc.a(_arm_muldivdf3.o)
                0x08000b9c                __aeabi_dmul
                0x08000b9c                __muldf3
                0x08000df0                __divdf3
                0x08000df0                __aeabi_ddiv
 .text          0x08000fc0      0x110 e:/compiler/bin/../lib/gcc/arm-none-eabi/10.2.1/thumb/v7-m/nofp\libgcc.a(_arm_cmpdf2.o)
                0x08000fc0                __gtdf2
                0x08000fc0                __gedf2
                0x08000fc8                __ltdf2
                0x08000fc8                __ledf2
                0x08000fd0                __nedf2
                0x08000fd0                __eqdf2
                0x08000fd0                __cmpdf2
                0x0800104c                __aeabi_cdrcmple
                0x0800105c                __aeabi_cdcmpeq
                0x0800105c                __aeabi_cdcmple
                0x0800106c                __aeabi_dcmpeq
                0x08001080                __aeabi_dcmplt
                0x08001094                __aeabi_dcmple
                0x080010a8                __aeabi_dcmpge
                0x080010bc                __aeabi_dcmpgt
 .text          0x080010d0       0x2c e:/compiler/bin/../lib/gcc/arm-none-eabi/10.2.1/thumb/v7-m/nofp\libgcc.a(_arm_unorddf2.o)
                0x080010d0                __unorddf2
                0x080010d0                __aeabi_dcmpun
 .text          0x080010fc       0x50 e:/compiler/bin/../lib/gcc/arm-none-eabi/10.2.1/thumb/v7-m/nofp\libgcc.a(_arm_fixdfsi.o)
                0x080010fc                __aeabi_d2iz
                0x080010fc                __fixdfsi
 .text          0x0800114c       0x30 e:/compiler/bin/../lib/gcc/arm-none-eabi/10.2.1/thumb/v7-m/nofp\libgcc.a(_aeabi_uldivmod.o)
                0x0800114c                __aeabi_uldivmod
 .text          0x0800117c      0x2d4 e:/compiler/bin/../lib/gcc/arm-none-eabi/10.2.1/thumb/v7-m/nofp\libgcc.a(_udivmoddi4.o)
                0x0800117c                __udivmoddi4
 .text          0x08001450        0x4 e:/compiler/bin/../lib/gcc/arm-none-eabi/10.2.1/thumb/v7-m/nofp\libgcc.a(_dvmd_tls.o)
                0x08001450                __aeabi_idiv0
                0x08001450                __aeabi_ldiv0
 *(.text*)
 .text.MX_GPIO_Init
                0x08001454       0x30 CMakeFiles/ServoControl.elf.dir/Core/Src/main.c.obj
 .text.Error_Handler
                0x08001484        0x4 CMakeFiles/ServoControl.elf.dir/Core/Src/main.c.obj
                0x08001484                Error_Handler
 .text.MX_TIM1_Init
                0x08001488       0xc0 CMakeFiles/ServoControl.elf.dir/Core/Src/main.c.obj
 .text.SystemClock_Config
                0x08001548       0x64 CMakeFiles/ServoControl.elf.dir/Core/Src/main.c.obj
                0x08001548                SystemClock_Config
 .text.main     0x080015ac       0x7c CMakeFiles/ServoControl.elf.dir/Core/Src/main.c.obj
                0x080015ac                main
 .text.HAL_MspInit
                0x08001628       0x44 CMakeFiles/ServoControl.elf.dir/Core/Src/stm32f1xx_hal_msp.c.obj
                0x08001628                HAL_MspInit
 .text.HAL_TIM_PWM_MspInit
                0x0800166c       0x2c CMakeFiles/ServoControl.elf.dir/Core/Src/stm32f1xx_hal_msp.c.obj
                0x0800166c                HAL_TIM_PWM_MspInit
 .text.HAL_TIM_MspPostInit
                0x08001698       0x50 CMakeFiles/ServoControl.elf.dir/Core/Src/stm32f1xx_hal_msp.c.obj
                0x08001698                HAL_TIM_MspPostInit
 .text.NMI_Handler
                0x080016e8        0x2 CMakeFiles/ServoControl.elf.dir/Core/Src/stm32f1xx_it.c.obj
                0x080016e8                NMI_Handler
 .text.HardFault_Handler
                0x080016ea        0x2 CMakeFiles/ServoControl.elf.dir/Core/Src/stm32f1xx_it.c.obj
                0x080016ea                HardFault_Handler
 .text.MemManage_Handler
                0x080016ec        0x2 CMakeFiles/ServoControl.elf.dir/Core/Src/stm32f1xx_it.c.obj
                0x080016ec                MemManage_Handler
 .text.BusFault_Handler
                0x080016ee        0x2 CMakeFiles/ServoControl.elf.dir/Core/Src/stm32f1xx_it.c.obj
                0x080016ee                BusFault_Handler
 .text.UsageFault_Handler
                0x080016f0        0x2 CMakeFiles/ServoControl.elf.dir/Core/Src/stm32f1xx_it.c.obj
                0x080016f0                UsageFault_Handler
 .text.SVC_Handler
                0x080016f2        0x2 CMakeFiles/ServoControl.elf.dir/Core/Src/stm32f1xx_it.c.obj
                0x080016f2                SVC_Handler
 .text.DebugMon_Handler
                0x080016f4        0x2 CMakeFiles/ServoControl.elf.dir/Core/Src/stm32f1xx_it.c.obj
                0x080016f4                DebugMon_Handler
 .text.PendSV_Handler
                0x080016f6        0x2 CMakeFiles/ServoControl.elf.dir/Core/Src/stm32f1xx_it.c.obj
                0x080016f6                PendSV_Handler
 .text.SysTick_Handler
                0x080016f8        0x8 CMakeFiles/ServoControl.elf.dir/Core/Src/stm32f1xx_it.c.obj
                0x080016f8                SysTick_Handler
 .text._getpid  0x08001700        0x4 CMakeFiles/ServoControl.elf.dir/Core/Src/syscalls.c.obj
                0x08001700                _getpid
 .text._kill    0x08001704       0x10 CMakeFiles/ServoControl.elf.dir/Core/Src/syscalls.c.obj
                0x08001704                _kill
 .text._exit    0x08001714        0xc CMakeFiles/ServoControl.elf.dir/Core/Src/syscalls.c.obj
                0x08001714                _exit
 .text._read    0x08001720       0x20 CMakeFiles/ServoControl.elf.dir/Core/Src/syscalls.c.obj
                0x08001720                _read
 .text._write   0x08001740       0x1c CMakeFiles/ServoControl.elf.dir/Core/Src/syscalls.c.obj
                0x08001740                _write
 .text._close   0x0800175c        0x6 CMakeFiles/ServoControl.elf.dir/Core/Src/syscalls.c.obj
                0x0800175c                _close
 .text._fstat   0x08001762        0xa CMakeFiles/ServoControl.elf.dir/Core/Src/syscalls.c.obj
                0x08001762                _fstat
 .text._isatty  0x0800176c        0x4 CMakeFiles/ServoControl.elf.dir/Core/Src/syscalls.c.obj
                0x0800176c                _isatty
 .text._lseek   0x08001770        0x4 CMakeFiles/ServoControl.elf.dir/Core/Src/syscalls.c.obj
                0x08001770                _lseek
 .text._sbrk    0x08001774       0x48 CMakeFiles/ServoControl.elf.dir/Core/Src/sysmem.c.obj
                0x08001774                _sbrk
 .text.SystemInit
                0x080017bc        0x2 CMakeFiles/ServoControl.elf.dir/Core/Src/system_stm32f1xx.c.obj
                0x080017bc                SystemInit
 *fill*         0x080017be        0x2 
 .text.Reset_Handler
                0x080017c0       0x48 CMakeFiles/ServoControl.elf.dir/Core/Startup/startup_stm32f103c8tx.s.obj
                0x080017c0                Reset_Handler
 .text.Default_Handler
                0x08001808        0x2 CMakeFiles/ServoControl.elf.dir/Core/Startup/startup_stm32f103c8tx.s.obj
                0x08001808                RTC_Alarm_IRQHandler
                0x08001808                EXTI2_IRQHandler
                0x08001808                TIM1_CC_IRQHandler
                0x08001808                PVD_IRQHandler
                0x08001808                EXTI3_IRQHandler
                0x08001808                EXTI0_IRQHandler
                0x08001808                I2C2_EV_IRQHandler
                0x08001808                ADC1_2_IRQHandler
                0x08001808                SPI1_IRQHandler
                0x08001808                TAMPER_IRQHandler
                0x08001808                DMA1_Channel4_IRQHandler
                0x08001808                USART3_IRQHandler
                0x08001808                RTC_IRQHandler
                0x08001808                DMA1_Channel7_IRQHandler
                0x08001808                CAN1_RX1_IRQHandler
                0x08001808                TIM4_IRQHandler
                0x08001808                I2C1_EV_IRQHandler
                0x08001808                DMA1_Channel6_IRQHandler
                0x08001808                TIM3_IRQHandler
                0x08001808                RCC_IRQHandler
                0x08001808                TIM1_TRG_COM_IRQHandler
                0x08001808                DMA1_Channel1_IRQHandler
                0x08001808                Default_Handler
                0x08001808                EXTI15_10_IRQHandler
                0x08001808                EXTI9_5_IRQHandler
                0x08001808                SPI2_IRQHandler
                0x08001808                DMA1_Channel5_IRQHandler
                0x08001808                EXTI4_IRQHandler
                0x08001808                USB_LP_CAN1_RX0_IRQHandler
                0x08001808                USB_HP_CAN1_TX_IRQHandler
                0x08001808                DMA1_Channel3_IRQHandler
                0x08001808                TIM1_UP_IRQHandler
                0x08001808                WWDG_IRQHandler
                0x08001808                TIM2_IRQHandler
                0x08001808                TIM1_BRK_IRQHandler
                0x08001808                EXTI1_IRQHandler
                0x08001808                USART2_IRQHandler
                0x08001808                I2C2_ER_IRQHandler
                0x08001808                DMA1_Channel2_IRQHandler
                0x08001808                CAN1_SCE_IRQHandler
                0x08001808                FLASH_IRQHandler
                0x08001808                USART1_IRQHandler
                0x08001808                I2C1_ER_IRQHandler
                0x08001808                USBWakeUp_IRQHandler
 *fill*         0x0800180a        0x2 
 .text.HAL_InitTick
                0x0800180c       0x4c CMakeFiles/ServoControl.elf.dir/Drivers/STM32F1xx_HAL_Driver/Src/stm32f1xx_hal.c.obj
                0x0800180c                HAL_InitTick
 .text.HAL_Init
                0x08001858       0x24 CMakeFiles/ServoControl.elf.dir/Drivers/STM32F1xx_HAL_Driver/Src/stm32f1xx_hal.c.obj
                0x08001858                HAL_Init
 .text.HAL_IncTick
                0x0800187c       0x18 CMakeFiles/ServoControl.elf.dir/Drivers/STM32F1xx_HAL_Driver/Src/stm32f1xx_hal.c.obj
                0x0800187c                HAL_IncTick
 .text.HAL_GetTick
                0x08001894        0xc CMakeFiles/ServoControl.elf.dir/Drivers/STM32F1xx_HAL_Driver/Src/stm32f1xx_hal.c.obj
                0x08001894                HAL_GetTick
 .text.HAL_Delay
                0x080018a0       0x28 CMakeFiles/ServoControl.elf.dir/Drivers/STM32F1xx_HAL_Driver/Src/stm32f1xx_hal.c.obj
                0x080018a0                HAL_Delay
 .text.HAL_NVIC_SetPriorityGrouping
                0x080018c8       0x24 CMakeFiles/ServoControl.elf.dir/Drivers/STM32F1xx_HAL_Driver/Src/stm32f1xx_hal_cortex.c.obj
                0x080018c8                HAL_NVIC_SetPriorityGrouping
 .text.HAL_NVIC_SetPriority
                0x080018ec       0x70 CMakeFiles/ServoControl.elf.dir/Drivers/STM32F1xx_HAL_Driver/Src/stm32f1xx_hal_cortex.c.obj
                0x080018ec                HAL_NVIC_SetPriority
 .text.HAL_SYSTICK_Config
                0x0800195c       0x28 CMakeFiles/ServoControl.elf.dir/Drivers/STM32F1xx_HAL_Driver/Src/stm32f1xx_hal_cortex.c.obj
                0x0800195c                HAL_SYSTICK_Config
 .text.HAL_GPIO_Init
                0x08001984      0x224 CMakeFiles/ServoControl.elf.dir/Drivers/STM32F1xx_HAL_Driver/Src/stm32f1xx_hal_gpio.c.obj
                0x08001984                HAL_GPIO_Init
 .text.RCC_Delay
                0x08001ba8       0x2c CMakeFiles/ServoControl.elf.dir/Drivers/STM32F1xx_HAL_Driver/Src/stm32f1xx_hal_rcc.c.obj
 .text.HAL_RCC_OscConfig
                0x08001bd4      0x410 CMakeFiles/ServoControl.elf.dir/Drivers/STM32F1xx_HAL_Driver/Src/stm32f1xx_hal_rcc.c.obj
                0x08001bd4                HAL_RCC_OscConfig
 .text.HAL_RCC_GetSysClockFreq
                0x08001fe4       0x54 CMakeFiles/ServoControl.elf.dir/Drivers/STM32F1xx_HAL_Driver/Src/stm32f1xx_hal_rcc.c.obj
                0x08001fe4                HAL_RCC_GetSysClockFreq
 .text.HAL_RCC_ClockConfig
                0x08002038      0x16c CMakeFiles/ServoControl.elf.dir/Drivers/STM32F1xx_HAL_Driver/Src/stm32f1xx_hal_rcc.c.obj
                0x08002038                HAL_RCC_ClockConfig
 .text.HAL_RCC_GetHCLKFreq
                0x080021a4        0xc CMakeFiles/ServoControl.elf.dir/Drivers/STM32F1xx_HAL_Driver/Src/stm32f1xx_hal_rcc.c.obj
                0x080021a4                HAL_RCC_GetHCLKFreq
 .text.HAL_RCC_GetPCLK1Freq
                0x080021b0       0x20 CMakeFiles/ServoControl.elf.dir/Drivers/STM32F1xx_HAL_Driver/Src/stm32f1xx_hal_rcc.c.obj
                0x080021b0                HAL_RCC_GetPCLK1Freq
 .text.TIM_OC1_SetConfig
                0x080021d0       0x5c CMakeFiles/ServoControl.elf.dir/Drivers/STM32F1xx_HAL_Driver/Src/stm32f1xx_hal_tim.c.obj
 .text.TIM_OC3_SetConfig
                0x0800222c       0x64 CMakeFiles/ServoControl.elf.dir/Drivers/STM32F1xx_HAL_Driver/Src/stm32f1xx_hal_tim.c.obj
 .text.TIM_OC4_SetConfig
                0x08002290       0x48 CMakeFiles/ServoControl.elf.dir/Drivers/STM32F1xx_HAL_Driver/Src/stm32f1xx_hal_tim.c.obj
 .text.TIM_Base_SetConfig
                0x080022d8       0x74 CMakeFiles/ServoControl.elf.dir/Drivers/STM32F1xx_HAL_Driver/Src/stm32f1xx_hal_tim.c.obj
                0x080022d8                TIM_Base_SetConfig
 .text.HAL_TIM_PWM_Init
                0x0800234c       0x58 CMakeFiles/ServoControl.elf.dir/Drivers/STM32F1xx_HAL_Driver/Src/stm32f1xx_hal_tim.c.obj
                0x0800234c                HAL_TIM_PWM_Init
 .text.TIM_OC2_SetConfig
                0x080023a4       0x64 CMakeFiles/ServoControl.elf.dir/Drivers/STM32F1xx_HAL_Driver/Src/stm32f1xx_hal_tim.c.obj
                0x080023a4                TIM_OC2_SetConfig
 .text.HAL_TIM_PWM_ConfigChannel
                0x08002408       0xdc CMakeFiles/ServoControl.elf.dir/Drivers/STM32F1xx_HAL_Driver/Src/stm32f1xx_hal_tim.c.obj
                0x08002408                HAL_TIM_PWM_ConfigChannel
 .text.TIM_CCxChannelCmd
                0x080024e4       0x1e CMakeFiles/ServoControl.elf.dir/Drivers/STM32F1xx_HAL_Driver/Src/stm32f1xx_hal_tim.c.obj
                0x080024e4                TIM_CCxChannelCmd
 *fill*         0x08002502        0x2 
 .text.HAL_TIM_PWM_Start
                0x08002504       0xdc CMakeFiles/ServoControl.elf.dir/Drivers/STM32F1xx_HAL_Driver/Src/stm32f1xx_hal_tim.c.obj
                0x08002504                HAL_TIM_PWM_Start
 .text.HAL_TIMEx_MasterConfigSynchronization
                0x080025e0       0x6c CMakeFiles/ServoControl.elf.dir/Drivers/STM32F1xx_HAL_Driver/Src/stm32f1xx_hal_tim_ex.c.obj
                0x080025e0                HAL_TIMEx_MasterConfigSynchronization
 .text.HAL_TIMEx_ConfigBreakDeadTime
                0x0800264c       0x52 CMakeFiles/ServoControl.elf.dir/Drivers/STM32F1xx_HAL_Driver/Src/stm32f1xx_hal_tim_ex.c.obj
                0x0800264c                HAL_TIMEx_ConfigBreakDeadTime
 .text.getAngle2Pulse
                0x0800269e        0x4 CMakeFiles/ServoControl.elf.dir/UserApp/Servo/Servo.c.obj
                0x0800269e                getAngle2Pulse
 .text.move2TargetAngle
                0x080026a2       0x46 CMakeFiles/ServoControl.elf.dir/UserApp/Servo/Servo.c.obj
                0x080026a2                move2TargetAngle
 .text.setAngle_180
                0x080026e8       0x7c CMakeFiles/ServoControl.elf.dir/UserApp/Servo/Servo.c.obj
                0x080026e8                setAngle_180
 .text.Servo_Create
                0x08002764       0x3c CMakeFiles/ServoControl.elf.dir/UserApp/Servo/Servo.c.obj
                0x08002764                Servo_Create
 .text.Servo_init
                0x080027a0       0x8c CMakeFiles/ServoControl.elf.dir/UserApp/Servo/Servo.c.obj
                0x080027a0                Servo_init
 .text.__errno  0x0800282c        0xc e:/compiler/bin/../lib/gcc/arm-none-eabi/10.2.1/../../../../arm-none-eabi/lib/thumb/v7-m/nofp\libg.a(lib_a-errno.o)
                0x0800282c                __errno
 .text.__libc_init_array
                0x08002838       0x48 e:/compiler/bin/../lib/gcc/arm-none-eabi/10.2.1/../../../../arm-none-eabi/lib/thumb/v7-m/nofp\libg.a(lib_a-init.o)
                0x08002838                __libc_init_array
 .text.memset   0x08002880       0xa4 e:/compiler/bin/../lib/gcc/arm-none-eabi/10.2.1/../../../../arm-none-eabi/lib/thumb/v7-m/nofp\libg.a(lib_a-memset.o)
                0x08002880                memset
 .text.printf   0x08002924       0x28 e:/compiler/bin/../lib/gcc/arm-none-eabi/10.2.1/../../../../arm-none-eabi/lib/thumb/v7-m/nofp\libg.a(lib_a-printf.o)
                0x08002924                printf
 .text._puts_r  0x0800294c       0x9c e:/compiler/bin/../lib/gcc/arm-none-eabi/10.2.1/../../../../arm-none-eabi/lib/thumb/v7-m/nofp\libg.a(lib_a-puts.o)
                0x0800294c                _puts_r
 .text.puts     0x080029e8       0x10 e:/compiler/bin/../lib/gcc/arm-none-eabi/10.2.1/../../../../arm-none-eabi/lib/thumb/v7-m/nofp\libg.a(lib_a-puts.o)
                0x080029e8                puts
 .text.strlen   0x080029f8       0x5c e:/compiler/bin/../lib/gcc/arm-none-eabi/10.2.1/../../../../arm-none-eabi/lib/thumb/v7-m/nofp\libg.a(lib_a-strlen-stub.o)
                0x080029f8                strlen
 .text._vfprintf_r
                0x08002a54     0x1b58 e:/compiler/bin/../lib/gcc/arm-none-eabi/10.2.1/../../../../arm-none-eabi/lib/thumb/v7-m/nofp\libg.a(lib_a-vfprintf.o)
                0x08002a54                _vfprintf_r
 .text.__sbprintf
                0x080045ac       0x84 e:/compiler/bin/../lib/gcc/arm-none-eabi/10.2.1/../../../../arm-none-eabi/lib/thumb/v7-m/nofp\libg.a(lib_a-vfprintf.o)
 .text.__swsetup_r
                0x08004630       0xd4 e:/compiler/bin/../lib/gcc/arm-none-eabi/10.2.1/../../../../arm-none-eabi/lib/thumb/v7-m/nofp\libg.a(lib_a-wsetup.o)
                0x08004630                __swsetup_r
 .text.startup.register_fini
                0x08004704       0x14 e:/compiler/bin/../lib/gcc/arm-none-eabi/10.2.1/../../../../arm-none-eabi/lib/thumb/v7-m/nofp\libg.a(lib_a-__call_atexit.o)
 .text.atexit   0x08004718        0xc e:/compiler/bin/../lib/gcc/arm-none-eabi/10.2.1/../../../../arm-none-eabi/lib/thumb/v7-m/nofp\libg.a(lib_a-atexit.o)
                0x08004718                atexit
 .text.quorem   0x08004724      0x12c e:/compiler/bin/../lib/gcc/arm-none-eabi/10.2.1/../../../../arm-none-eabi/lib/thumb/v7-m/nofp\libg.a(lib_a-dtoa.o)
 .text._dtoa_r  0x08004850      0xecc e:/compiler/bin/../lib/gcc/arm-none-eabi/10.2.1/../../../../arm-none-eabi/lib/thumb/v7-m/nofp\libg.a(lib_a-dtoa.o)
                0x08004850                _dtoa_r
 .text.__sflush_r
                0x0800571c      0x124 e:/compiler/bin/../lib/gcc/arm-none-eabi/10.2.1/../../../../arm-none-eabi/lib/thumb/v7-m/nofp\libg.a(lib_a-fflush.o)
                0x0800571c                __sflush_r
 .text._fflush_r
                0x08005840       0x5c e:/compiler/bin/../lib/gcc/arm-none-eabi/10.2.1/../../../../arm-none-eabi/lib/thumb/v7-m/nofp\libg.a(lib_a-fflush.o)
                0x08005840                _fflush_r
 .text._cleanup_r
                0x0800589c        0xc e:/compiler/bin/../lib/gcc/arm-none-eabi/10.2.1/../../../../arm-none-eabi/lib/thumb/v7-m/nofp\libg.a(lib_a-findfp.o)
                0x0800589c                _cleanup_r
 .text.__sinit  0x080058a8      0x10c e:/compiler/bin/../lib/gcc/arm-none-eabi/10.2.1/../../../../arm-none-eabi/lib/thumb/v7-m/nofp\libg.a(lib_a-findfp.o)
                0x080058a8                __sinit
 .text.__sfp_lock_acquire
                0x080059b4        0xc e:/compiler/bin/../lib/gcc/arm-none-eabi/10.2.1/../../../../arm-none-eabi/lib/thumb/v7-m/nofp\libg.a(lib_a-findfp.o)
                0x080059b4                __sfp_lock_acquire
 .text.__sfp_lock_release
                0x080059c0        0xc e:/compiler/bin/../lib/gcc/arm-none-eabi/10.2.1/../../../../arm-none-eabi/lib/thumb/v7-m/nofp\libg.a(lib_a-findfp.o)
                0x080059c0                __sfp_lock_release
 .text.__libc_fini_array
                0x080059cc       0x2c e:/compiler/bin/../lib/gcc/arm-none-eabi/10.2.1/../../../../arm-none-eabi/lib/thumb/v7-m/nofp\libg.a(lib_a-fini.o)
                0x080059cc                __libc_fini_array
 .text._malloc_trim_r
                0x080059f8       0xa0 e:/compiler/bin/../lib/gcc/arm-none-eabi/10.2.1/../../../../arm-none-eabi/lib/thumb/v7-m/nofp\libg.a(lib_a-freer.o)
                0x080059f8                _malloc_trim_r
 .text._free_r  0x08005a98      0x200 e:/compiler/bin/../lib/gcc/arm-none-eabi/10.2.1/../../../../arm-none-eabi/lib/thumb/v7-m/nofp\libg.a(lib_a-freer.o)
                0x08005a98                _free_r
 .text.__sfvwrite_r
                0x08005c98      0x2f0 e:/compiler/bin/../lib/gcc/arm-none-eabi/10.2.1/../../../../arm-none-eabi/lib/thumb/v7-m/nofp\libg.a(lib_a-fvwrite.o)
                0x08005c98                __sfvwrite_r
 .text._fwalk_reent
                0x08005f88       0x48 e:/compiler/bin/../lib/gcc/arm-none-eabi/10.2.1/../../../../arm-none-eabi/lib/thumb/v7-m/nofp\libg.a(lib_a-fwalk.o)
                0x08005f88                _fwalk_reent
 .text._localeconv_r
                0x08005fd0        0x8 e:/compiler/bin/../lib/gcc/arm-none-eabi/10.2.1/../../../../arm-none-eabi/lib/thumb/v7-m/nofp\libg.a(lib_a-localeconv.o)
                0x08005fd0                _localeconv_r
 .text.__retarget_lock_init_recursive
                0x08005fd8        0x4 e:/compiler/bin/../lib/gcc/arm-none-eabi/10.2.1/../../../../arm-none-eabi/lib/thumb/v7-m/nofp\libg.a(lib_a-lock.o)
                0x08005fd8                __retarget_lock_init_recursive
 .text.__retarget_lock_close_recursive
                0x08005fdc        0x4 e:/compiler/bin/../lib/gcc/arm-none-eabi/10.2.1/../../../../arm-none-eabi/lib/thumb/v7-m/nofp\libg.a(lib_a-lock.o)
                0x08005fdc                __retarget_lock_close_recursive
 .text.__retarget_lock_acquire_recursive
                0x08005fe0        0x4 e:/compiler/bin/../lib/gcc/arm-none-eabi/10.2.1/../../../../arm-none-eabi/lib/thumb/v7-m/nofp\libg.a(lib_a-lock.o)
                0x08005fe0                __retarget_lock_acquire_recursive
 .text.__retarget_lock_release_recursive
                0x08005fe4        0x4 e:/compiler/bin/../lib/gcc/arm-none-eabi/10.2.1/../../../../arm-none-eabi/lib/thumb/v7-m/nofp\libg.a(lib_a-lock.o)
                0x08005fe4                __retarget_lock_release_recursive
 .text.__smakebuf_r
                0x08005fe8       0xe0 e:/compiler/bin/../lib/gcc/arm-none-eabi/10.2.1/../../../../arm-none-eabi/lib/thumb/v7-m/nofp\libg.a(lib_a-makebuf.o)
                0x08005fe8                __smakebuf_r
 .text._malloc_r
                0x080060c8      0x558 e:/compiler/bin/../lib/gcc/arm-none-eabi/10.2.1/../../../../arm-none-eabi/lib/thumb/v7-m/nofp\libg.a(lib_a-mallocr.o)
                0x080060c8                _malloc_r
 .text.memchr   0x08006620       0x90 e:/compiler/bin/../lib/gcc/arm-none-eabi/10.2.1/../../../../arm-none-eabi/lib/thumb/v7-m/nofp\libg.a(lib_a-memchr-stub.o)
                0x08006620                memchr
 .text.memmove  0x080066b0       0xf8 e:/compiler/bin/../lib/gcc/arm-none-eabi/10.2.1/../../../../arm-none-eabi/lib/thumb/v7-m/nofp\libg.a(lib_a-memmove.o)
                0x080066b0                memmove
 .text.__malloc_lock
                0x080067a8        0xc e:/compiler/bin/../lib/gcc/arm-none-eabi/10.2.1/../../../../arm-none-eabi/lib/thumb/v7-m/nofp\libg.a(lib_a-mlock.o)
                0x080067a8                __malloc_lock
 .text.__malloc_unlock
                0x080067b4        0xc e:/compiler/bin/../lib/gcc/arm-none-eabi/10.2.1/../../../../arm-none-eabi/lib/thumb/v7-m/nofp\libg.a(lib_a-mlock.o)
                0x080067b4                __malloc_unlock
 .text._Balloc  0x080067c0       0x4c e:/compiler/bin/../lib/gcc/arm-none-eabi/10.2.1/../../../../arm-none-eabi/lib/thumb/v7-m/nofp\libg.a(lib_a-mprec.o)
                0x080067c0                _Balloc
 .text._Bfree   0x0800680c       0x14 e:/compiler/bin/../lib/gcc/arm-none-eabi/10.2.1/../../../../arm-none-eabi/lib/thumb/v7-m/nofp\libg.a(lib_a-mprec.o)
                0x0800680c                _Bfree
 .text.__multadd
                0x08006820       0xa4 e:/compiler/bin/../lib/gcc/arm-none-eabi/10.2.1/../../../../arm-none-eabi/lib/thumb/v7-m/nofp\libg.a(lib_a-mprec.o)
                0x08006820                __multadd
 .text.__hi0bits
                0x080068c4       0x40 e:/compiler/bin/../lib/gcc/arm-none-eabi/10.2.1/../../../../arm-none-eabi/lib/thumb/v7-m/nofp\libg.a(lib_a-mprec.o)
                0x080068c4                __hi0bits
 .text.__lo0bits
                0x08006904       0x58 e:/compiler/bin/../lib/gcc/arm-none-eabi/10.2.1/../../../../arm-none-eabi/lib/thumb/v7-m/nofp\libg.a(lib_a-mprec.o)
                0x08006904                __lo0bits
 .text.__i2b    0x0800695c       0x5c e:/compiler/bin/../lib/gcc/arm-none-eabi/10.2.1/../../../../arm-none-eabi/lib/thumb/v7-m/nofp\libg.a(lib_a-mprec.o)
                0x0800695c                __i2b
 .text.__multiply
                0x080069b8      0x15c e:/compiler/bin/../lib/gcc/arm-none-eabi/10.2.1/../../../../arm-none-eabi/lib/thumb/v7-m/nofp\libg.a(lib_a-mprec.o)
                0x080069b8                __multiply
 .text.__pow5mult
                0x08006b14       0xb8 e:/compiler/bin/../lib/gcc/arm-none-eabi/10.2.1/../../../../arm-none-eabi/lib/thumb/v7-m/nofp\libg.a(lib_a-mprec.o)
                0x08006b14                __pow5mult
 .text.__lshift
                0x08006bcc       0xec e:/compiler/bin/../lib/gcc/arm-none-eabi/10.2.1/../../../../arm-none-eabi/lib/thumb/v7-m/nofp\libg.a(lib_a-mprec.o)
                0x08006bcc                __lshift
 .text.__mcmp   0x08006cb8       0x40 e:/compiler/bin/../lib/gcc/arm-none-eabi/10.2.1/../../../../arm-none-eabi/lib/thumb/v7-m/nofp\libg.a(lib_a-mprec.o)
                0x08006cb8                __mcmp
 .text.__mdiff  0x08006cf8      0x14c e:/compiler/bin/../lib/gcc/arm-none-eabi/10.2.1/../../../../arm-none-eabi/lib/thumb/v7-m/nofp\libg.a(lib_a-mprec.o)
                0x08006cf8                __mdiff
 .text.__d2b    0x08006e44       0xc4 e:/compiler/bin/../lib/gcc/arm-none-eabi/10.2.1/../../../../arm-none-eabi/lib/thumb/v7-m/nofp\libg.a(lib_a-mprec.o)
                0x08006e44                __d2b
 .text._realloc_r
                0x08006f08      0x3dc e:/compiler/bin/../lib/gcc/arm-none-eabi/10.2.1/../../../../arm-none-eabi/lib/thumb/v7-m/nofp\libg.a(lib_a-reallocr.o)
                0x08006f08                _realloc_r
 .text.frexp    0x080072e4       0x70 e:/compiler/bin/../lib/gcc/arm-none-eabi/10.2.1/../../../../arm-none-eabi/lib/thumb/v7-m/nofp\libg.a(lib_a-s_frexp.o)
                0x080072e4                frexp
 .text._sbrk_r  0x08007354       0x24 e:/compiler/bin/../lib/gcc/arm-none-eabi/10.2.1/../../../../arm-none-eabi/lib/thumb/v7-m/nofp\libg.a(lib_a-sbrkr.o)
                0x08007354                _sbrk_r
 .text.__sread  0x08007378       0x24 e:/compiler/bin/../lib/gcc/arm-none-eabi/10.2.1/../../../../arm-none-eabi/lib/thumb/v7-m/nofp\libg.a(lib_a-stdio.o)
                0x08007378                __sread
 .text.__swrite
                0x0800739c       0x40 e:/compiler/bin/../lib/gcc/arm-none-eabi/10.2.1/../../../../arm-none-eabi/lib/thumb/v7-m/nofp\libg.a(lib_a-stdio.o)
                0x0800739c                __swrite
 .text.__sseek  0x080073dc       0x20 e:/compiler/bin/../lib/gcc/arm-none-eabi/10.2.1/../../../../arm-none-eabi/lib/thumb/v7-m/nofp\libg.a(lib_a-stdio.o)
                0x080073dc                __sseek
 .text.__sclose
                0x080073fc        0x8 e:/compiler/bin/../lib/gcc/arm-none-eabi/10.2.1/../../../../arm-none-eabi/lib/thumb/v7-m/nofp\libg.a(lib_a-stdio.o)
                0x080073fc                __sclose
 .text.strncpy  0x08007404       0x68 e:/compiler/bin/../lib/gcc/arm-none-eabi/10.2.1/../../../../arm-none-eabi/lib/thumb/v7-m/nofp\libg.a(lib_a-strncpy.o)
                0x08007404                strncpy
 .text.__sprint_r.part.0
                0x0800746c       0x78 e:/compiler/bin/../lib/gcc/arm-none-eabi/10.2.1/../../../../arm-none-eabi/lib/thumb/v7-m/nofp\libg.a(lib_a-vfiprintf.o)
 .text.__sprint_r
                0x080074e4       0x14 e:/compiler/bin/../lib/gcc/arm-none-eabi/10.2.1/../../../../arm-none-eabi/lib/thumb/v7-m/nofp\libg.a(lib_a-vfiprintf.o)
                0x080074e4                __sprint_r
 .text._vfiprintf_r
                0x080074f8      0xd94 e:/compiler/bin/../lib/gcc/arm-none-eabi/10.2.1/../../../../arm-none-eabi/lib/thumb/v7-m/nofp\libg.a(lib_a-vfiprintf.o)
                0x080074f8                _vfiprintf_r
 .text.__sbprintf
                0x0800828c       0x84 e:/compiler/bin/../lib/gcc/arm-none-eabi/10.2.1/../../../../arm-none-eabi/lib/thumb/v7-m/nofp\libg.a(lib_a-vfiprintf.o)
 .text._write_r
                0x08008310       0x2c e:/compiler/bin/../lib/gcc/arm-none-eabi/10.2.1/../../../../arm-none-eabi/lib/thumb/v7-m/nofp\libg.a(lib_a-writer.o)
                0x08008310                _write_r
 .text.__register_exitproc
                0x0800833c       0x8c e:/compiler/bin/../lib/gcc/arm-none-eabi/10.2.1/../../../../arm-none-eabi/lib/thumb/v7-m/nofp\libg.a(lib_a-__atexit.o)
                0x0800833c                __register_exitproc
 .text.__assert_func
                0x080083c8       0x40 e:/compiler/bin/../lib/gcc/arm-none-eabi/10.2.1/../../../../arm-none-eabi/lib/thumb/v7-m/nofp\libg.a(lib_a-assert.o)
                0x080083c8                __assert_func
 .text._calloc_r
                0x08008408       0x60 e:/compiler/bin/../lib/gcc/arm-none-eabi/10.2.1/../../../../arm-none-eabi/lib/thumb/v7-m/nofp\libg.a(lib_a-callocr.o)
                0x08008408                _calloc_r
 .text._close_r
                0x08008468       0x24 e:/compiler/bin/../lib/gcc/arm-none-eabi/10.2.1/../../../../arm-none-eabi/lib/thumb/v7-m/nofp\libg.a(lib_a-closer.o)
                0x08008468                _close_r
 .text._fclose_r
                0x0800848c       0xcc e:/compiler/bin/../lib/gcc/arm-none-eabi/10.2.1/../../../../arm-none-eabi/lib/thumb/v7-m/nofp\libg.a(lib_a-fclose.o)
                0x0800848c                _fclose_r
 .text.fiprintf
                0x08008558       0x28 e:/compiler/bin/../lib/gcc/arm-none-eabi/10.2.1/../../../../arm-none-eabi/lib/thumb/v7-m/nofp\libg.a(lib_a-fiprintf.o)
                0x08008558                fiprintf
 .text.__fputwc
                0x08008580       0xa0 e:/compiler/bin/../lib/gcc/arm-none-eabi/10.2.1/../../../../arm-none-eabi/lib/thumb/v7-m/nofp\libg.a(lib_a-fputwc.o)
                0x08008580                __fputwc
 .text._fputwc_r
                0x08008620       0x68 e:/compiler/bin/../lib/gcc/arm-none-eabi/10.2.1/../../../../arm-none-eabi/lib/thumb/v7-m/nofp\libg.a(lib_a-fputwc.o)
                0x08008620                _fputwc_r
 .text._fstat_r
                0x08008688       0x28 e:/compiler/bin/../lib/gcc/arm-none-eabi/10.2.1/../../../../arm-none-eabi/lib/thumb/v7-m/nofp\libg.a(lib_a-fstatr.o)
                0x08008688                _fstat_r
 .text._isatty_r
                0x080086b0       0x24 e:/compiler/bin/../lib/gcc/arm-none-eabi/10.2.1/../../../../arm-none-eabi/lib/thumb/v7-m/nofp\libg.a(lib_a-isattyr.o)
                0x080086b0                _isatty_r
 .text.__locale_mb_cur_max
                0x080086d4        0xc e:/compiler/bin/../lib/gcc/arm-none-eabi/10.2.1/../../../../arm-none-eabi/lib/thumb/v7-m/nofp\libg.a(lib_a-locale.o)
                0x080086d4                __locale_mb_cur_max
 .text._lseek_r
                0x080086e0       0x2c e:/compiler/bin/../lib/gcc/arm-none-eabi/10.2.1/../../../../arm-none-eabi/lib/thumb/v7-m/nofp\libg.a(lib_a-lseekr.o)
                0x080086e0                _lseek_r
 .text.__ascii_mbtowc
                0x0800870c       0x2c e:/compiler/bin/../lib/gcc/arm-none-eabi/10.2.1/../../../../arm-none-eabi/lib/thumb/v7-m/nofp\libg.a(lib_a-mbtowc_r.o)
                0x0800870c                __ascii_mbtowc
 .text._read_r  0x08008738       0x2c e:/compiler/bin/../lib/gcc/arm-none-eabi/10.2.1/../../../../arm-none-eabi/lib/thumb/v7-m/nofp\libg.a(lib_a-readr.o)
                0x08008738                _read_r
 .text.__swbuf_r
                0x08008764       0xb0 e:/compiler/bin/../lib/gcc/arm-none-eabi/10.2.1/../../../../arm-none-eabi/lib/thumb/v7-m/nofp\libg.a(lib_a-wbuf.o)
                0x08008764                __swbuf_r
 .text._wcrtomb_r
                0x08008814       0x3c e:/compiler/bin/../lib/gcc/arm-none-eabi/10.2.1/../../../../arm-none-eabi/lib/thumb/v7-m/nofp\libg.a(lib_a-wcrtomb.o)
                0x08008814                _wcrtomb_r
 .text.__ascii_wctomb
                0x08008850       0x1c e:/compiler/bin/../lib/gcc/arm-none-eabi/10.2.1/../../../../arm-none-eabi/lib/thumb/v7-m/nofp\libg.a(lib_a-wctomb_r.o)
                0x08008850                __ascii_wctomb
 .text.abort    0x0800886c       0x10 e:/compiler/bin/../lib/gcc/arm-none-eabi/10.2.1/../../../../arm-none-eabi/lib/thumb/v7-m/nofp\libg.a(lib_a-abort.o)
                0x0800886c                abort
 .text.raise    0x0800887c       0x5c e:/compiler/bin/../lib/gcc/arm-none-eabi/10.2.1/../../../../arm-none-eabi/lib/thumb/v7-m/nofp\libg.a(lib_a-signal.o)
                0x0800887c                raise
 .text._kill_r  0x080088d8       0x28 e:/compiler/bin/../lib/gcc/arm-none-eabi/10.2.1/../../../../arm-none-eabi/lib/thumb/v7-m/nofp\libg.a(lib_a-signalr.o)
                0x080088d8                _kill_r
 .text._getpid_r
                0x08008900        0x4 e:/compiler/bin/../lib/gcc/arm-none-eabi/10.2.1/../../../../arm-none-eabi/lib/thumb/v7-m/nofp\libg.a(lib_a-signalr.o)
                0x08008900                _getpid_r
 *(.glue_7)
 .glue_7        0x08008904        0x0 linker stubs
 *(.glue_7t)
 .glue_7t       0x08008904        0x0 linker stubs
 *(.eh_frame)
 .eh_frame      0x08008904        0x0 e:/compiler/bin/../lib/gcc/arm-none-eabi/10.2.1/thumb/v7-m/nofp/crtbegin.o
 *(.init)
 .init          0x08008904        0x4 e:/compiler/bin/../lib/gcc/arm-none-eabi/10.2.1/thumb/v7-m/nofp/crti.o
                0x08008904                _init
 .init          0x08008908        0x8 e:/compiler/bin/../lib/gcc/arm-none-eabi/10.2.1/thumb/v7-m/nofp/crtn.o
 *(.fini)
 .fini          0x08008910        0x4 e:/compiler/bin/../lib/gcc/arm-none-eabi/10.2.1/thumb/v7-m/nofp/crti.o
                0x08008910                _fini
 .fini          0x08008914        0x8 e:/compiler/bin/../lib/gcc/arm-none-eabi/10.2.1/thumb/v7-m/nofp/crtn.o
                0x0800891c                . = ALIGN (0x4)
                0x0800891c                _etext = .

.vfp11_veneer   0x0800891c        0x0
 .vfp11_veneer  0x0800891c        0x0 linker stubs

.v4_bx          0x0800891c        0x0
 .v4_bx         0x0800891c        0x0 linker stubs

.iplt           0x0800891c        0x0
 .iplt          0x0800891c        0x0 e:/compiler/bin/../lib/gcc/arm-none-eabi/10.2.1/thumb/v7-m/nofp/crtbegin.o

.rodata         0x08008920      0x480
                0x08008920                . = ALIGN (0x4)
 *(.rodata)
 *(.rodata*)
 .rodata.main.str1.4
                0x08008920       0x26 CMakeFiles/ServoControl.elf.dir/Core/Src/main.c.obj
 *fill*         0x08008946        0x2 
 .rodata.AHBPrescTable
                0x08008948       0x10 CMakeFiles/ServoControl.elf.dir/Core/Src/system_stm32f1xx.c.obj
                0x08008948                AHBPrescTable
 .rodata.APBPrescTable
                0x08008958        0x8 CMakeFiles/ServoControl.elf.dir/Core/Src/system_stm32f1xx.c.obj
                0x08008958                APBPrescTable
 .rodata.aPLLMULFactorTable.1
                0x08008960       0x10 CMakeFiles/ServoControl.elf.dir/Drivers/STM32F1xx_HAL_Driver/Src/stm32f1xx_hal_rcc.c.obj
 .rodata.aPredivFactorTable.0
                0x08008970        0x2 CMakeFiles/ServoControl.elf.dir/Drivers/STM32F1xx_HAL_Driver/Src/stm32f1xx_hal_rcc.c.obj
 *fill*         0x08008972        0x2 
 .rodata.setAngle_180.str1.4
                0x08008974       0x1a CMakeFiles/ServoControl.elf.dir/UserApp/Servo/Servo.c.obj
 *fill*         0x0800898e        0x2 
 .rodata.Servo_init.str1.4
                0x08008990       0x11 CMakeFiles/ServoControl.elf.dir/UserApp/Servo/Servo.c.obj
 *fill*         0x080089a1        0x3 
 .rodata._global_impure_ptr
                0x080089a4        0x4 e:/compiler/bin/../lib/gcc/arm-none-eabi/10.2.1/../../../../arm-none-eabi/lib/thumb/v7-m/nofp\libg.a(lib_a-impure.o)
                0x080089a4                _global_impure_ptr
 .rodata._puts_r.str1.4
                0x080089a8       0x11 e:/compiler/bin/../lib/gcc/arm-none-eabi/10.2.1/../../../../arm-none-eabi/lib/thumb/v7-m/nofp\libg.a(lib_a-puts.o)
                                  0x2 (size before relaxing)
 .rodata._vfprintf_r.str1.4
                0x080089a8       0x42 e:/compiler/bin/../lib/gcc/arm-none-eabi/10.2.1/../../../../arm-none-eabi/lib/thumb/v7-m/nofp\libg.a(lib_a-vfprintf.o)
 *fill*         0x080089ea        0x2 
 .rodata.blanks.1
                0x080089ec       0x10 e:/compiler/bin/../lib/gcc/arm-none-eabi/10.2.1/../../../../arm-none-eabi/lib/thumb/v7-m/nofp\libg.a(lib_a-vfprintf.o)
 .rodata.zeroes.0
                0x080089fc       0x10 e:/compiler/bin/../lib/gcc/arm-none-eabi/10.2.1/../../../../arm-none-eabi/lib/thumb/v7-m/nofp\libg.a(lib_a-vfprintf.o)
 .rodata._dtoa_r.str1.4
                0x08008a0c       0xa1 e:/compiler/bin/../lib/gcc/arm-none-eabi/10.2.1/../../../../arm-none-eabi/lib/thumb/v7-m/nofp\libg.a(lib_a-dtoa.o)
                                 0xa5 (size before relaxing)
 *fill*         0x08008aad        0x3 
 .rodata.__multadd.str1.4
                0x08008ab0       0x7e e:/compiler/bin/../lib/gcc/arm-none-eabi/10.2.1/../../../../arm-none-eabi/lib/thumb/v7-m/nofp\libg.a(lib_a-mprec.o)
                                 0x92 (size before relaxing)
 *fill*         0x08008b2e        0x2 
 .rodata.__mprec_bigtens
                0x08008b30       0x28 e:/compiler/bin/../lib/gcc/arm-none-eabi/10.2.1/../../../../arm-none-eabi/lib/thumb/v7-m/nofp\libg.a(lib_a-mprec.o)
                0x08008b30                __mprec_bigtens
 .rodata.__mprec_tens
                0x08008b58       0xc8 e:/compiler/bin/../lib/gcc/arm-none-eabi/10.2.1/../../../../arm-none-eabi/lib/thumb/v7-m/nofp\libg.a(lib_a-mprec.o)
                0x08008b58                __mprec_tens
 .rodata.p05.0  0x08008c20        0xc e:/compiler/bin/../lib/gcc/arm-none-eabi/10.2.1/../../../../arm-none-eabi/lib/thumb/v7-m/nofp\libg.a(lib_a-mprec.o)
 .rodata._vfiprintf_r.str1.4
                0x08008c2c       0x2f e:/compiler/bin/../lib/gcc/arm-none-eabi/10.2.1/../../../../arm-none-eabi/lib/thumb/v7-m/nofp\libg.a(lib_a-vfiprintf.o)
 .rodata.blanks.1
                0x08008c2c       0x10 e:/compiler/bin/../lib/gcc/arm-none-eabi/10.2.1/../../../../arm-none-eabi/lib/thumb/v7-m/nofp\libg.a(lib_a-vfiprintf.o)
 .rodata.zeroes.0
                0x08008c3c       0x10 e:/compiler/bin/../lib/gcc/arm-none-eabi/10.2.1/../../../../arm-none-eabi/lib/thumb/v7-m/nofp\libg.a(lib_a-vfiprintf.o)
 .rodata.__assert_func.str1.4
                0x08008c4c       0x3f e:/compiler/bin/../lib/gcc/arm-none-eabi/10.2.1/../../../../arm-none-eabi/lib/thumb/v7-m/nofp\libg.a(lib_a-assert.o)
                                 0x43 (size before relaxing)
 *fill*         0x08008c8b        0x1 
 .rodata._setlocale_r.str1.4
                0x08008c8c        0xa e:/compiler/bin/../lib/gcc/arm-none-eabi/10.2.1/../../../../arm-none-eabi/lib/thumb/v7-m/nofp\libg.a(lib_a-locale.o)
                                  0xd (size before relaxing)
 *fill*         0x08008c96        0x2 
 .rodata.str1.4
                0x08008c98        0x2 e:/compiler/bin/../lib/gcc/arm-none-eabi/10.2.1/../../../../arm-none-eabi/lib/thumb/v7-m/nofp\libg.a(lib_a-locale.o)
 *fill*         0x08008c9a        0x2 
 .rodata._ctype_
                0x08008c9c      0x101 e:/compiler/bin/../lib/gcc/arm-none-eabi/10.2.1/../../../../arm-none-eabi/lib/thumb/v7-m/nofp\libg.a(lib_a-ctype_.o)
                0x08008c9c                _ctype_
                0x08008da0                . = ALIGN (0x4)
 *fill*         0x08008d9d        0x3 

.ARM.extab      0x08008da0        0x0
                0x08008da0                . = ALIGN (0x4)
 *(.ARM.extab* .gnu.linkonce.armextab.*)
                0x08008da0                . = ALIGN (0x4)

.ARM            0x08008da0        0x8
                0x08008da0                . = ALIGN (0x4)
                0x08008da0                __exidx_start = .
 *(.ARM.exidx*)
 .ARM.exidx     0x08008da0        0x8 e:/compiler/bin/../lib/gcc/arm-none-eabi/10.2.1/thumb/v7-m/nofp\libgcc.a(_udivmoddi4.o)
                0x08008da8                __exidx_end = .
                0x08008da8                . = ALIGN (0x4)

.rel.dyn        0x08008da8        0x0
 .rel.iplt      0x08008da8        0x0 e:/compiler/bin/../lib/gcc/arm-none-eabi/10.2.1/thumb/v7-m/nofp/crtbegin.o

.preinit_array  0x08008da8        0x0
                0x08008da8                . = ALIGN (0x4)
                0x08008da8                PROVIDE (__preinit_array_start = .)
 *(.preinit_array*)
                0x08008da8                PROVIDE (__preinit_array_end = .)
                0x08008da8                . = ALIGN (0x4)

.init_array     0x08008da8        0x8
                0x08008da8                . = ALIGN (0x4)
                0x08008da8                PROVIDE (__init_array_start = .)
 *(SORT_BY_NAME(.init_array.*))
 .init_array.00000
                0x08008da8        0x4 e:/compiler/bin/../lib/gcc/arm-none-eabi/10.2.1/../../../../arm-none-eabi/lib/thumb/v7-m/nofp\libg.a(lib_a-__call_atexit.o)
 *(.init_array*)
 .init_array    0x08008dac        0x4 e:/compiler/bin/../lib/gcc/arm-none-eabi/10.2.1/thumb/v7-m/nofp/crtbegin.o
                0x08008db0                PROVIDE (__init_array_end = .)
                0x08008db0                . = ALIGN (0x4)

.fini_array     0x08008db0        0x4
                0x08008db0                . = ALIGN (0x4)
                0x08008db0                PROVIDE (__fini_array_start = .)
 *(SORT_BY_NAME(.fini_array.*))
 *(.fini_array*)
 .fini_array    0x08008db0        0x4 e:/compiler/bin/../lib/gcc/arm-none-eabi/10.2.1/thumb/v7-m/nofp/crtbegin.o
                0x08008db4                PROVIDE (__fini_array_end = .)
                0x08008db4                . = ALIGN (0x4)
                0x08008db4                _sidata = LOADADDR (.data)

.data           0x20000000      0x9b8 load address 0x08008db4
                0x20000000                . = ALIGN (0x4)
                0x20000000                _sdata = .
 *(.data)
 *(.data*)
 .data.SystemCoreClock
                0x20000000        0x4 CMakeFiles/ServoControl.elf.dir/Core/Src/system_stm32f1xx.c.obj
                0x20000000                SystemCoreClock
 .data.uwTickFreq
                0x20000004        0x1 CMakeFiles/ServoControl.elf.dir/Drivers/STM32F1xx_HAL_Driver/Src/stm32f1xx_hal.c.obj
                0x20000004                uwTickFreq
 *fill*         0x20000005        0x3 
 .data.uwTickPrio
                0x20000008        0x4 CMakeFiles/ServoControl.elf.dir/Drivers/STM32F1xx_HAL_Driver/Src/stm32f1xx_hal.c.obj
                0x20000008                uwTickPrio
 .data._impure_ptr
                0x2000000c        0x4 e:/compiler/bin/../lib/gcc/arm-none-eabi/10.2.1/../../../../arm-none-eabi/lib/thumb/v7-m/nofp\libg.a(lib_a-impure.o)
                0x2000000c                _impure_ptr
 .data.impure_data
                0x20000010      0x428 e:/compiler/bin/../lib/gcc/arm-none-eabi/10.2.1/../../../../arm-none-eabi/lib/thumb/v7-m/nofp\libg.a(lib_a-impure.o)
 .data.__atexit_recursive_mutex
                0x20000438        0x4 e:/compiler/bin/../lib/gcc/arm-none-eabi/10.2.1/../../../../arm-none-eabi/lib/thumb/v7-m/nofp\libg.a(lib_a-__call_atexit.o)
                0x20000438                __atexit_recursive_mutex
 .data.__malloc_av_
                0x2000043c      0x408 e:/compiler/bin/../lib/gcc/arm-none-eabi/10.2.1/../../../../arm-none-eabi/lib/thumb/v7-m/nofp\libg.a(lib_a-mallocr.o)
                0x2000043c                __malloc_av_
 .data.__malloc_sbrk_base
                0x20000844        0x4 e:/compiler/bin/../lib/gcc/arm-none-eabi/10.2.1/../../../../arm-none-eabi/lib/thumb/v7-m/nofp\libg.a(lib_a-mallocr.o)
                0x20000844                __malloc_sbrk_base
 .data.__malloc_trim_threshold
                0x20000848        0x4 e:/compiler/bin/../lib/gcc/arm-none-eabi/10.2.1/../../../../arm-none-eabi/lib/thumb/v7-m/nofp\libg.a(lib_a-mallocr.o)
                0x20000848                __malloc_trim_threshold
 .data.__global_locale
                0x2000084c      0x16c e:/compiler/bin/../lib/gcc/arm-none-eabi/10.2.1/../../../../arm-none-eabi/lib/thumb/v7-m/nofp\libg.a(lib_a-locale.o)
                0x2000084c                __global_locale
 *(.RamFunc)
 *(.RamFunc*)
                0x200009b8                . = ALIGN (0x4)
                0x200009b8                _edata = .

.igot.plt       0x200009b8        0x0 load address 0x0800976c
 .igot.plt      0x200009b8        0x0 e:/compiler/bin/../lib/gcc/arm-none-eabi/10.2.1/thumb/v7-m/nofp/crtbegin.o
                0x200009b8                . = ALIGN (0x4)

.bss            0x200009b8      0x104 load address 0x0800976c
                0x200009b8                _sbss = .
                0x200009b8                __bss_start__ = _sbss
 *(.bss)
 .bss           0x200009b8       0x1c e:/compiler/bin/../lib/gcc/arm-none-eabi/10.2.1/thumb/v7-m/nofp/crtbegin.o
 *(.bss*)
 .bss.htim1     0x200009d4       0x48 CMakeFiles/ServoControl.elf.dir/Core/Src/main.c.obj
                0x200009d4                htim1
 .bss.__sbrk_heap_end
                0x20000a1c        0x4 CMakeFiles/ServoControl.elf.dir/Core/Src/sysmem.c.obj
 .bss.uwTick    0x20000a20        0x4 CMakeFiles/ServoControl.elf.dir/Drivers/STM32F1xx_HAL_Driver/Src/stm32f1xx_hal.c.obj
                0x20000a20                uwTick
 .bss.Servo_LeftLeg
                0x20000a24       0x28 CMakeFiles/ServoControl.elf.dir/UserApp/Servo/Servo.c.obj
                0x20000a24                Servo_LeftLeg
 .bss.Servo_RightLeg
                0x20000a4c       0x28 CMakeFiles/ServoControl.elf.dir/UserApp/Servo/Servo.c.obj
                0x20000a4c                Servo_RightLeg
 .bss.__lock___atexit_recursive_mutex
                0x20000a74        0x1 e:/compiler/bin/../lib/gcc/arm-none-eabi/10.2.1/../../../../arm-none-eabi/lib/thumb/v7-m/nofp\libg.a(lib_a-lock.o)
                0x20000a74                __lock___atexit_recursive_mutex
 *fill*         0x20000a75        0x3 
 .bss.__lock___malloc_recursive_mutex
                0x20000a78        0x1 e:/compiler/bin/../lib/gcc/arm-none-eabi/10.2.1/../../../../arm-none-eabi/lib/thumb/v7-m/nofp\libg.a(lib_a-lock.o)
                0x20000a78                __lock___malloc_recursive_mutex
 *fill*         0x20000a79        0x3 
 .bss.__lock___sfp_recursive_mutex
                0x20000a7c        0x1 e:/compiler/bin/../lib/gcc/arm-none-eabi/10.2.1/../../../../arm-none-eabi/lib/thumb/v7-m/nofp\libg.a(lib_a-lock.o)
                0x20000a7c                __lock___sfp_recursive_mutex
 *fill*         0x20000a7d        0x3 
 .bss.__lock___sinit_recursive_mutex
                0x20000a80        0x1 e:/compiler/bin/../lib/gcc/arm-none-eabi/10.2.1/../../../../arm-none-eabi/lib/thumb/v7-m/nofp\libg.a(lib_a-lock.o)
                0x20000a80                __lock___sinit_recursive_mutex
 *fill*         0x20000a81        0x3 
 .bss.__malloc_current_mallinfo
                0x20000a84       0x28 e:/compiler/bin/../lib/gcc/arm-none-eabi/10.2.1/../../../../arm-none-eabi/lib/thumb/v7-m/nofp\libg.a(lib_a-mallocr.o)
                0x20000a84                __malloc_current_mallinfo
 .bss.__malloc_max_sbrked_mem
                0x20000aac        0x4 e:/compiler/bin/../lib/gcc/arm-none-eabi/10.2.1/../../../../arm-none-eabi/lib/thumb/v7-m/nofp\libg.a(lib_a-mallocr.o)
                0x20000aac                __malloc_max_sbrked_mem
 .bss.__malloc_max_total_mem
                0x20000ab0        0x4 e:/compiler/bin/../lib/gcc/arm-none-eabi/10.2.1/../../../../arm-none-eabi/lib/thumb/v7-m/nofp\libg.a(lib_a-mallocr.o)
                0x20000ab0                __malloc_max_total_mem
 .bss.__malloc_top_pad
                0x20000ab4        0x4 e:/compiler/bin/../lib/gcc/arm-none-eabi/10.2.1/../../../../arm-none-eabi/lib/thumb/v7-m/nofp\libg.a(lib_a-mallocr.o)
                0x20000ab4                __malloc_top_pad
 .bss.errno     0x20000ab8        0x4 e:/compiler/bin/../lib/gcc/arm-none-eabi/10.2.1/../../../../arm-none-eabi/lib/thumb/v7-m/nofp\libg.a(lib_a-reent.o)
                0x20000ab8                errno
 *(COMMON)
                0x20000abc                . = ALIGN (0x4)
                0x20000abc                _ebss = .
                0x20000abc                __bss_end__ = _ebss

._user_heap_stack
                0x20000abc      0x604 load address 0x0800976c
                0x20000ac0                . = ALIGN (0x8)
 *fill*         0x20000abc        0x4 
                [!provide]                PROVIDE (end = .)
                0x20000ac0                PROVIDE (_end = .)
                0x20000cc0                . = (. + _Min_Heap_Size)
 *fill*         0x20000ac0      0x200 
                0x200010c0                . = (. + _Min_Stack_Size)
 *fill*         0x20000cc0      0x400 
                0x200010c0                . = ALIGN (0x8)

/DISCARD/
 libc.a(*)
 libm.a(*)
 libgcc.a(*)

.ARM.attributes
                0x00000000       0x29
 *(.ARM.attributes)
 .ARM.attributes
                0x00000000       0x1d e:/compiler/bin/../lib/gcc/arm-none-eabi/10.2.1/thumb/v7-m/nofp/crti.o
 .ARM.attributes
                0x0000001d       0x2d e:/compiler/bin/../lib/gcc/arm-none-eabi/10.2.1/thumb/v7-m/nofp/crtbegin.o
 .ARM.attributes
                0x0000004a       0x2d CMakeFiles/ServoControl.elf.dir/Core/Src/main.c.obj
 .ARM.attributes
                0x00000077       0x2d CMakeFiles/ServoControl.elf.dir/Core/Src/stm32f1xx_hal_msp.c.obj
 .ARM.attributes
                0x000000a4       0x2d CMakeFiles/ServoControl.elf.dir/Core/Src/stm32f1xx_it.c.obj
 .ARM.attributes
                0x000000d1       0x2d CMakeFiles/ServoControl.elf.dir/Core/Src/syscalls.c.obj
 .ARM.attributes
                0x000000fe       0x2d CMakeFiles/ServoControl.elf.dir/Core/Src/sysmem.c.obj
 .ARM.attributes
                0x0000012b       0x2d CMakeFiles/ServoControl.elf.dir/Core/Src/system_stm32f1xx.c.obj
 .ARM.attributes
                0x00000158       0x21 CMakeFiles/ServoControl.elf.dir/Core/Startup/startup_stm32f103c8tx.s.obj
 .ARM.attributes
                0x00000179       0x2d CMakeFiles/ServoControl.elf.dir/Drivers/STM32F1xx_HAL_Driver/Src/stm32f1xx_hal.c.obj
 .ARM.attributes
                0x000001a6       0x2d CMakeFiles/ServoControl.elf.dir/Drivers/STM32F1xx_HAL_Driver/Src/stm32f1xx_hal_cortex.c.obj
 .ARM.attributes
                0x000001d3       0x2d CMakeFiles/ServoControl.elf.dir/Drivers/STM32F1xx_HAL_Driver/Src/stm32f1xx_hal_gpio.c.obj
 .ARM.attributes
                0x00000200       0x2d CMakeFiles/ServoControl.elf.dir/Drivers/STM32F1xx_HAL_Driver/Src/stm32f1xx_hal_rcc.c.obj
 .ARM.attributes
                0x0000022d       0x2d CMakeFiles/ServoControl.elf.dir/Drivers/STM32F1xx_HAL_Driver/Src/stm32f1xx_hal_tim.c.obj
 .ARM.attributes
                0x0000025a       0x2d CMakeFiles/ServoControl.elf.dir/Drivers/STM32F1xx_HAL_Driver/Src/stm32f1xx_hal_tim_ex.c.obj
 .ARM.attributes
                0x00000287       0x2d CMakeFiles/ServoControl.elf.dir/UserApp/Servo/Servo.c.obj
 .ARM.attributes
                0x000002b4       0x1d e:/compiler/bin/../lib/gcc/arm-none-eabi/10.2.1/thumb/v7-m/nofp\libgcc.a(_arm_addsubsf3.o)
 .ARM.attributes
                0x000002d1       0x1d e:/compiler/bin/../lib/gcc/arm-none-eabi/10.2.1/thumb/v7-m/nofp\libgcc.a(_arm_muldivsf3.o)
 .ARM.attributes
                0x000002ee       0x1d e:/compiler/bin/../lib/gcc/arm-none-eabi/10.2.1/thumb/v7-m/nofp\libgcc.a(_arm_cmpsf2.o)
 .ARM.attributes
                0x0000030b       0x1d e:/compiler/bin/../lib/gcc/arm-none-eabi/10.2.1/thumb/v7-m/nofp\libgcc.a(_arm_fixunssfsi.o)
 .ARM.attributes
                0x00000328       0x2d e:/compiler/bin/../lib/gcc/arm-none-eabi/10.2.1/../../../../arm-none-eabi/lib/thumb/v7-m/nofp\libg.a(lib_a-errno.o)
 .ARM.attributes
                0x00000355       0x2d e:/compiler/bin/../lib/gcc/arm-none-eabi/10.2.1/../../../../arm-none-eabi/lib/thumb/v7-m/nofp\libg.a(lib_a-impure.o)
 .ARM.attributes
                0x00000382       0x2d e:/compiler/bin/../lib/gcc/arm-none-eabi/10.2.1/../../../../arm-none-eabi/lib/thumb/v7-m/nofp\libg.a(lib_a-init.o)
 .ARM.attributes
                0x000003af       0x2d e:/compiler/bin/../lib/gcc/arm-none-eabi/10.2.1/../../../../arm-none-eabi/lib/thumb/v7-m/nofp\libg.a(lib_a-memset.o)
 .ARM.attributes
                0x000003dc       0x2d e:/compiler/bin/../lib/gcc/arm-none-eabi/10.2.1/../../../../arm-none-eabi/lib/thumb/v7-m/nofp\libg.a(lib_a-printf.o)
 .ARM.attributes
                0x00000409       0x2d e:/compiler/bin/../lib/gcc/arm-none-eabi/10.2.1/../../../../arm-none-eabi/lib/thumb/v7-m/nofp\libg.a(lib_a-puts.o)
 .ARM.attributes
                0x00000436       0x2d e:/compiler/bin/../lib/gcc/arm-none-eabi/10.2.1/../../../../arm-none-eabi/lib/thumb/v7-m/nofp\libg.a(lib_a-strlen-stub.o)
 .ARM.attributes
                0x00000463       0x2d e:/compiler/bin/../lib/gcc/arm-none-eabi/10.2.1/../../../../arm-none-eabi/lib/thumb/v7-m/nofp\libg.a(lib_a-vfprintf.o)
 .ARM.attributes
                0x00000490       0x2d e:/compiler/bin/../lib/gcc/arm-none-eabi/10.2.1/../../../../arm-none-eabi/lib/thumb/v7-m/nofp\libg.a(lib_a-wsetup.o)
 .ARM.attributes
                0x000004bd       0x2d e:/compiler/bin/../lib/gcc/arm-none-eabi/10.2.1/../../../../arm-none-eabi/lib/thumb/v7-m/nofp\libg.a(lib_a-__call_atexit.o)
 .ARM.attributes
                0x000004ea       0x2d e:/compiler/bin/../lib/gcc/arm-none-eabi/10.2.1/../../../../arm-none-eabi/lib/thumb/v7-m/nofp\libg.a(lib_a-atexit.o)
 .ARM.attributes
                0x00000517       0x2d e:/compiler/bin/../lib/gcc/arm-none-eabi/10.2.1/../../../../arm-none-eabi/lib/thumb/v7-m/nofp\libg.a(lib_a-dtoa.o)
 .ARM.attributes
                0x00000544       0x2d e:/compiler/bin/../lib/gcc/arm-none-eabi/10.2.1/../../../../arm-none-eabi/lib/thumb/v7-m/nofp\libg.a(lib_a-fflush.o)
 .ARM.attributes
                0x00000571       0x2d e:/compiler/bin/../lib/gcc/arm-none-eabi/10.2.1/../../../../arm-none-eabi/lib/thumb/v7-m/nofp\libg.a(lib_a-findfp.o)
 .ARM.attributes
                0x0000059e       0x2d e:/compiler/bin/../lib/gcc/arm-none-eabi/10.2.1/../../../../arm-none-eabi/lib/thumb/v7-m/nofp\libg.a(lib_a-fini.o)
 .ARM.attributes
                0x000005cb       0x2d e:/compiler/bin/../lib/gcc/arm-none-eabi/10.2.1/../../../../arm-none-eabi/lib/thumb/v7-m/nofp\libg.a(lib_a-freer.o)
 .ARM.attributes
                0x000005f8       0x2d e:/compiler/bin/../lib/gcc/arm-none-eabi/10.2.1/../../../../arm-none-eabi/lib/thumb/v7-m/nofp\libg.a(lib_a-fvwrite.o)
 .ARM.attributes
                0x00000625       0x2d e:/compiler/bin/../lib/gcc/arm-none-eabi/10.2.1/../../../../arm-none-eabi/lib/thumb/v7-m/nofp\libg.a(lib_a-fwalk.o)
 .ARM.attributes
                0x00000652       0x2d e:/compiler/bin/../lib/gcc/arm-none-eabi/10.2.1/../../../../arm-none-eabi/lib/thumb/v7-m/nofp\libg.a(lib_a-localeconv.o)
 .ARM.attributes
                0x0000067f       0x2d e:/compiler/bin/../lib/gcc/arm-none-eabi/10.2.1/../../../../arm-none-eabi/lib/thumb/v7-m/nofp\libg.a(lib_a-lock.o)
 .ARM.attributes
                0x000006ac       0x2d e:/compiler/bin/../lib/gcc/arm-none-eabi/10.2.1/../../../../arm-none-eabi/lib/thumb/v7-m/nofp\libg.a(lib_a-makebuf.o)
 .ARM.attributes
                0x000006d9       0x2d e:/compiler/bin/../lib/gcc/arm-none-eabi/10.2.1/../../../../arm-none-eabi/lib/thumb/v7-m/nofp\libg.a(lib_a-mallocr.o)
 .ARM.attributes
                0x00000706       0x2d e:/compiler/bin/../lib/gcc/arm-none-eabi/10.2.1/../../../../arm-none-eabi/lib/thumb/v7-m/nofp\libg.a(lib_a-memchr-stub.o)
 .ARM.attributes
                0x00000733       0x1b e:/compiler/bin/../lib/gcc/arm-none-eabi/10.2.1/../../../../arm-none-eabi/lib/thumb/v7-m/nofp\libg.a(lib_a-memcpy.o)
 .ARM.attributes
                0x0000074e       0x2d e:/compiler/bin/../lib/gcc/arm-none-eabi/10.2.1/../../../../arm-none-eabi/lib/thumb/v7-m/nofp\libg.a(lib_a-memmove.o)
 .ARM.attributes
                0x0000077b       0x2d e:/compiler/bin/../lib/gcc/arm-none-eabi/10.2.1/../../../../arm-none-eabi/lib/thumb/v7-m/nofp\libg.a(lib_a-mlock.o)
 .ARM.attributes
                0x000007a8       0x2d e:/compiler/bin/../lib/gcc/arm-none-eabi/10.2.1/../../../../arm-none-eabi/lib/thumb/v7-m/nofp\libg.a(lib_a-mprec.o)
 .ARM.attributes
                0x000007d5       0x2d e:/compiler/bin/../lib/gcc/arm-none-eabi/10.2.1/../../../../arm-none-eabi/lib/thumb/v7-m/nofp\libg.a(lib_a-reallocr.o)
 .ARM.attributes
                0x00000802       0x2d e:/compiler/bin/../lib/gcc/arm-none-eabi/10.2.1/../../../../arm-none-eabi/lib/thumb/v7-m/nofp\libg.a(lib_a-s_frexp.o)
 .ARM.attributes
                0x0000082f       0x2d e:/compiler/bin/../lib/gcc/arm-none-eabi/10.2.1/../../../../arm-none-eabi/lib/thumb/v7-m/nofp\libg.a(lib_a-sbrkr.o)
 .ARM.attributes
                0x0000085c       0x2d e:/compiler/bin/../lib/gcc/arm-none-eabi/10.2.1/../../../../arm-none-eabi/lib/thumb/v7-m/nofp\libg.a(lib_a-stdio.o)
 .ARM.attributes
                0x00000889       0x2d e:/compiler/bin/../lib/gcc/arm-none-eabi/10.2.1/../../../../arm-none-eabi/lib/thumb/v7-m/nofp\libg.a(lib_a-strncpy.o)
 .ARM.attributes
                0x000008b6       0x2d e:/compiler/bin/../lib/gcc/arm-none-eabi/10.2.1/../../../../arm-none-eabi/lib/thumb/v7-m/nofp\libg.a(lib_a-vfiprintf.o)
 .ARM.attributes
                0x000008e3       0x2d e:/compiler/bin/../lib/gcc/arm-none-eabi/10.2.1/../../../../arm-none-eabi/lib/thumb/v7-m/nofp\libg.a(lib_a-writer.o)
 .ARM.attributes
                0x00000910       0x2d e:/compiler/bin/../lib/gcc/arm-none-eabi/10.2.1/../../../../arm-none-eabi/lib/thumb/v7-m/nofp\libg.a(lib_a-__atexit.o)
 .ARM.attributes
                0x0000093d       0x2d e:/compiler/bin/../lib/gcc/arm-none-eabi/10.2.1/../../../../arm-none-eabi/lib/thumb/v7-m/nofp\libg.a(lib_a-assert.o)
 .ARM.attributes
                0x0000096a       0x2d e:/compiler/bin/../lib/gcc/arm-none-eabi/10.2.1/../../../../arm-none-eabi/lib/thumb/v7-m/nofp\libg.a(lib_a-callocr.o)
 .ARM.attributes
                0x00000997       0x2d e:/compiler/bin/../lib/gcc/arm-none-eabi/10.2.1/../../../../arm-none-eabi/lib/thumb/v7-m/nofp\libg.a(lib_a-closer.o)
 .ARM.attributes
                0x000009c4       0x2d e:/compiler/bin/../lib/gcc/arm-none-eabi/10.2.1/../../../../arm-none-eabi/lib/thumb/v7-m/nofp\libg.a(lib_a-fclose.o)
 .ARM.attributes
                0x000009f1       0x2d e:/compiler/bin/../lib/gcc/arm-none-eabi/10.2.1/../../../../arm-none-eabi/lib/thumb/v7-m/nofp\libg.a(lib_a-fiprintf.o)
 .ARM.attributes
                0x00000a1e       0x2d e:/compiler/bin/../lib/gcc/arm-none-eabi/10.2.1/../../../../arm-none-eabi/lib/thumb/v7-m/nofp\libg.a(lib_a-fputwc.o)
 .ARM.attributes
                0x00000a4b       0x2d e:/compiler/bin/../lib/gcc/arm-none-eabi/10.2.1/../../../../arm-none-eabi/lib/thumb/v7-m/nofp\libg.a(lib_a-fstatr.o)
 .ARM.attributes
                0x00000a78       0x2d e:/compiler/bin/../lib/gcc/arm-none-eabi/10.2.1/../../../../arm-none-eabi/lib/thumb/v7-m/nofp\libg.a(lib_a-isattyr.o)
 .ARM.attributes
                0x00000aa5       0x2d e:/compiler/bin/../lib/gcc/arm-none-eabi/10.2.1/../../../../arm-none-eabi/lib/thumb/v7-m/nofp\libg.a(lib_a-locale.o)
 .ARM.attributes
                0x00000ad2       0x2d e:/compiler/bin/../lib/gcc/arm-none-eabi/10.2.1/../../../../arm-none-eabi/lib/thumb/v7-m/nofp\libg.a(lib_a-lseekr.o)
 .ARM.attributes
                0x00000aff       0x2d e:/compiler/bin/../lib/gcc/arm-none-eabi/10.2.1/../../../../arm-none-eabi/lib/thumb/v7-m/nofp\libg.a(lib_a-mbtowc_r.o)
 .ARM.attributes
                0x00000b2c       0x2d e:/compiler/bin/../lib/gcc/arm-none-eabi/10.2.1/../../../../arm-none-eabi/lib/thumb/v7-m/nofp\libg.a(lib_a-readr.o)
 .ARM.attributes
                0x00000b59       0x2d e:/compiler/bin/../lib/gcc/arm-none-eabi/10.2.1/../../../../arm-none-eabi/lib/thumb/v7-m/nofp\libg.a(lib_a-reent.o)
 .ARM.attributes
                0x00000b86       0x2d e:/compiler/bin/../lib/gcc/arm-none-eabi/10.2.1/../../../../arm-none-eabi/lib/thumb/v7-m/nofp\libg.a(lib_a-wbuf.o)
 .ARM.attributes
                0x00000bb3       0x2d e:/compiler/bin/../lib/gcc/arm-none-eabi/10.2.1/../../../../arm-none-eabi/lib/thumb/v7-m/nofp\libg.a(lib_a-wcrtomb.o)
 .ARM.attributes
                0x00000be0       0x2d e:/compiler/bin/../lib/gcc/arm-none-eabi/10.2.1/../../../../arm-none-eabi/lib/thumb/v7-m/nofp\libg.a(lib_a-wctomb_r.o)
 .ARM.attributes
                0x00000c0d       0x2d e:/compiler/bin/../lib/gcc/arm-none-eabi/10.2.1/../../../../arm-none-eabi/lib/thumb/v7-m/nofp\libg.a(lib_a-abort.o)
 .ARM.attributes
                0x00000c3a       0x2d e:/compiler/bin/../lib/gcc/arm-none-eabi/10.2.1/../../../../arm-none-eabi/lib/thumb/v7-m/nofp\libg.a(lib_a-ctype_.o)
 .ARM.attributes
                0x00000c67       0x2d e:/compiler/bin/../lib/gcc/arm-none-eabi/10.2.1/../../../../arm-none-eabi/lib/thumb/v7-m/nofp\libg.a(lib_a-signal.o)
 .ARM.attributes
                0x00000c94       0x2d e:/compiler/bin/../lib/gcc/arm-none-eabi/10.2.1/../../../../arm-none-eabi/lib/thumb/v7-m/nofp\libg.a(lib_a-signalr.o)
 .ARM.attributes
                0x00000cc1       0x1d e:/compiler/bin/../lib/gcc/arm-none-eabi/10.2.1/thumb/v7-m/nofp\libgcc.a(_arm_addsubdf3.o)
 .ARM.attributes
                0x00000cde       0x1d e:/compiler/bin/../lib/gcc/arm-none-eabi/10.2.1/thumb/v7-m/nofp\libgcc.a(_arm_muldivdf3.o)
 .ARM.attributes
                0x00000cfb       0x1d e:/compiler/bin/../lib/gcc/arm-none-eabi/10.2.1/thumb/v7-m/nofp\libgcc.a(_arm_cmpdf2.o)
 .ARM.attributes
                0x00000d18       0x1d e:/compiler/bin/../lib/gcc/arm-none-eabi/10.2.1/thumb/v7-m/nofp\libgcc.a(_arm_unorddf2.o)
 .ARM.attributes
                0x00000d35       0x1d e:/compiler/bin/../lib/gcc/arm-none-eabi/10.2.1/thumb/v7-m/nofp\libgcc.a(_arm_fixdfsi.o)
 .ARM.attributes
                0x00000d52       0x1d e:/compiler/bin/../lib/gcc/arm-none-eabi/10.2.1/thumb/v7-m/nofp\libgcc.a(_aeabi_uldivmod.o)
 .ARM.attributes
                0x00000d6f       0x2d e:/compiler/bin/../lib/gcc/arm-none-eabi/10.2.1/thumb/v7-m/nofp\libgcc.a(_udivmoddi4.o)
 .ARM.attributes
                0x00000d9c       0x1d e:/compiler/bin/../lib/gcc/arm-none-eabi/10.2.1/thumb/v7-m/nofp\libgcc.a(_dvmd_tls.o)
 .ARM.attributes
                0x00000db9       0x1d e:/compiler/bin/../lib/gcc/arm-none-eabi/10.2.1/thumb/v7-m/nofp/crtn.o
OUTPUT(ServoControl.elf elf32-littlearm)
LOAD linker stubs
LOAD e:/compiler/bin/../lib/gcc/arm-none-eabi/10.2.1/../../../../arm-none-eabi/lib/thumb/v7-m/nofp\libc.a
LOAD e:/compiler/bin/../lib/gcc/arm-none-eabi/10.2.1/../../../../arm-none-eabi/lib/thumb/v7-m/nofp\libm.a
LOAD e:/compiler/bin/../lib/gcc/arm-none-eabi/10.2.1/thumb/v7-m/nofp\libgcc.a

.debug_info     0x00000000     0xb10c
 .debug_info    0x00000000      0xe43 CMakeFiles/ServoControl.elf.dir/Core/Src/main.c.obj
 .debug_info    0x00000e43      0x964 CMakeFiles/ServoControl.elf.dir/Core/Src/stm32f1xx_hal_msp.c.obj
 .debug_info    0x000017a7      0x145 CMakeFiles/ServoControl.elf.dir/Core/Src/stm32f1xx_it.c.obj
 .debug_info    0x000018ec      0x7af CMakeFiles/ServoControl.elf.dir/Core/Src/syscalls.c.obj
 .debug_info    0x0000209b      0x174 CMakeFiles/ServoControl.elf.dir/Core/Src/sysmem.c.obj
 .debug_info    0x0000220f      0x248 CMakeFiles/ServoControl.elf.dir/Core/Src/system_stm32f1xx.c.obj
 .debug_info    0x00002457       0x22 CMakeFiles/ServoControl.elf.dir/Core/Startup/startup_stm32f103c8tx.s.obj
 .debug_info    0x00002479      0x7a8 CMakeFiles/ServoControl.elf.dir/Drivers/STM32F1xx_HAL_Driver/Src/stm32f1xx_hal.c.obj
 .debug_info    0x00002c21      0xd8a CMakeFiles/ServoControl.elf.dir/Drivers/STM32F1xx_HAL_Driver/Src/stm32f1xx_hal_cortex.c.obj
 .debug_info    0x000039ab      0x66f CMakeFiles/ServoControl.elf.dir/Drivers/STM32F1xx_HAL_Driver/Src/stm32f1xx_hal_gpio.c.obj
 .debug_info    0x0000401a      0xa3b CMakeFiles/ServoControl.elf.dir/Drivers/STM32F1xx_HAL_Driver/Src/stm32f1xx_hal_rcc.c.obj
 .debug_info    0x00004a55     0x3d52 CMakeFiles/ServoControl.elf.dir/Drivers/STM32F1xx_HAL_Driver/Src/stm32f1xx_hal_tim.c.obj
 .debug_info    0x000087a7     0x1abb CMakeFiles/ServoControl.elf.dir/Drivers/STM32F1xx_HAL_Driver/Src/stm32f1xx_hal_tim_ex.c.obj
 .debug_info    0x0000a262      0xeaa CMakeFiles/ServoControl.elf.dir/UserApp/Servo/Servo.c.obj

.debug_abbrev   0x00000000     0x18c6
 .debug_abbrev  0x00000000      0x256 CMakeFiles/ServoControl.elf.dir/Core/Src/main.c.obj
 .debug_abbrev  0x00000256      0x1c7 CMakeFiles/ServoControl.elf.dir/Core/Src/stm32f1xx_hal_msp.c.obj
 .debug_abbrev  0x0000041d       0x7e CMakeFiles/ServoControl.elf.dir/Core/Src/stm32f1xx_it.c.obj
 .debug_abbrev  0x0000049b      0x1a3 CMakeFiles/ServoControl.elf.dir/Core/Src/syscalls.c.obj
 .debug_abbrev  0x0000063e       0xe7 CMakeFiles/ServoControl.elf.dir/Core/Src/sysmem.c.obj
 .debug_abbrev  0x00000725      0x13e CMakeFiles/ServoControl.elf.dir/Core/Src/system_stm32f1xx.c.obj
 .debug_abbrev  0x00000863       0x12 CMakeFiles/ServoControl.elf.dir/Core/Startup/startup_stm32f103c8tx.s.obj
 .debug_abbrev  0x00000875      0x1f4 CMakeFiles/ServoControl.elf.dir/Drivers/STM32F1xx_HAL_Driver/Src/stm32f1xx_hal.c.obj
 .debug_abbrev  0x00000a69      0x341 CMakeFiles/ServoControl.elf.dir/Drivers/STM32F1xx_HAL_Driver/Src/stm32f1xx_hal_cortex.c.obj
 .debug_abbrev  0x00000daa      0x1e6 CMakeFiles/ServoControl.elf.dir/Drivers/STM32F1xx_HAL_Driver/Src/stm32f1xx_hal_gpio.c.obj
 .debug_abbrev  0x00000f90      0x27a CMakeFiles/ServoControl.elf.dir/Drivers/STM32F1xx_HAL_Driver/Src/stm32f1xx_hal_rcc.c.obj
 .debug_abbrev  0x0000120a      0x245 CMakeFiles/ServoControl.elf.dir/Drivers/STM32F1xx_HAL_Driver/Src/stm32f1xx_hal_tim.c.obj
 .debug_abbrev  0x0000144f      0x248 CMakeFiles/ServoControl.elf.dir/Drivers/STM32F1xx_HAL_Driver/Src/stm32f1xx_hal_tim_ex.c.obj
 .debug_abbrev  0x00001697      0x22f CMakeFiles/ServoControl.elf.dir/UserApp/Servo/Servo.c.obj

.debug_aranges  0x00000000      0x9d8
 .debug_aranges
                0x00000000       0x40 CMakeFiles/ServoControl.elf.dir/Core/Src/main.c.obj
 .debug_aranges
                0x00000040       0x38 CMakeFiles/ServoControl.elf.dir/Core/Src/stm32f1xx_hal_msp.c.obj
 .debug_aranges
                0x00000078       0x60 CMakeFiles/ServoControl.elf.dir/Core/Src/stm32f1xx_it.c.obj
 .debug_aranges
                0x000000d8       0xa8 CMakeFiles/ServoControl.elf.dir/Core/Src/syscalls.c.obj
 .debug_aranges
                0x00000180       0x20 CMakeFiles/ServoControl.elf.dir/Core/Src/sysmem.c.obj
 .debug_aranges
                0x000001a0       0x28 CMakeFiles/ServoControl.elf.dir/Core/Src/system_stm32f1xx.c.obj
 .debug_aranges
                0x000001c8       0x28 CMakeFiles/ServoControl.elf.dir/Core/Startup/startup_stm32f103c8tx.s.obj
 .debug_aranges
                0x000001f0       0xe0 CMakeFiles/ServoControl.elf.dir/Drivers/STM32F1xx_HAL_Driver/Src/stm32f1xx_hal.c.obj
 .debug_aranges
                0x000002d0       0x90 CMakeFiles/ServoControl.elf.dir/Drivers/STM32F1xx_HAL_Driver/Src/stm32f1xx_hal_cortex.c.obj
 .debug_aranges
                0x00000360       0x58 CMakeFiles/ServoControl.elf.dir/Drivers/STM32F1xx_HAL_Driver/Src/stm32f1xx_hal_gpio.c.obj
 .debug_aranges
                0x000003b8       0x90 CMakeFiles/ServoControl.elf.dir/Drivers/STM32F1xx_HAL_Driver/Src/stm32f1xx_hal_rcc.c.obj
 .debug_aranges
                0x00000448      0x3d0 CMakeFiles/ServoControl.elf.dir/Drivers/STM32F1xx_HAL_Driver/Src/stm32f1xx_hal_tim.c.obj
 .debug_aranges
                0x00000818      0x168 CMakeFiles/ServoControl.elf.dir/Drivers/STM32F1xx_HAL_Driver/Src/stm32f1xx_hal_tim_ex.c.obj
 .debug_aranges
                0x00000980       0x58 CMakeFiles/ServoControl.elf.dir/UserApp/Servo/Servo.c.obj

.debug_ranges   0x00000000      0x980
 .debug_ranges  0x00000000       0x30 CMakeFiles/ServoControl.elf.dir/Core/Src/main.c.obj
 .debug_ranges  0x00000030       0x28 CMakeFiles/ServoControl.elf.dir/Core/Src/stm32f1xx_hal_msp.c.obj
 .debug_ranges  0x00000058       0x50 CMakeFiles/ServoControl.elf.dir/Core/Src/stm32f1xx_it.c.obj
 .debug_ranges  0x000000a8       0x98 CMakeFiles/ServoControl.elf.dir/Core/Src/syscalls.c.obj
 .debug_ranges  0x00000140       0x10 CMakeFiles/ServoControl.elf.dir/Core/Src/sysmem.c.obj
 .debug_ranges  0x00000150       0x18 CMakeFiles/ServoControl.elf.dir/Core/Src/system_stm32f1xx.c.obj
 .debug_ranges  0x00000168       0x20 CMakeFiles/ServoControl.elf.dir/Core/Startup/startup_stm32f103c8tx.s.obj
 .debug_ranges  0x00000188       0xd0 CMakeFiles/ServoControl.elf.dir/Drivers/STM32F1xx_HAL_Driver/Src/stm32f1xx_hal.c.obj
 .debug_ranges  0x00000258       0xe0 CMakeFiles/ServoControl.elf.dir/Drivers/STM32F1xx_HAL_Driver/Src/stm32f1xx_hal_cortex.c.obj
 .debug_ranges  0x00000338       0x48 CMakeFiles/ServoControl.elf.dir/Drivers/STM32F1xx_HAL_Driver/Src/stm32f1xx_hal_gpio.c.obj
 .debug_ranges  0x00000380       0xa0 CMakeFiles/ServoControl.elf.dir/Drivers/STM32F1xx_HAL_Driver/Src/stm32f1xx_hal_rcc.c.obj
 .debug_ranges  0x00000420      0x3c0 CMakeFiles/ServoControl.elf.dir/Drivers/STM32F1xx_HAL_Driver/Src/stm32f1xx_hal_tim.c.obj
 .debug_ranges  0x000007e0      0x158 CMakeFiles/ServoControl.elf.dir/Drivers/STM32F1xx_HAL_Driver/Src/stm32f1xx_hal_tim_ex.c.obj
 .debug_ranges  0x00000938       0x48 CMakeFiles/ServoControl.elf.dir/UserApp/Servo/Servo.c.obj

.debug_line     0x00000000     0x9a2e
 .debug_line    0x00000000      0x55d CMakeFiles/ServoControl.elf.dir/Core/Src/main.c.obj
 .debug_line    0x0000055d      0x29d CMakeFiles/ServoControl.elf.dir/Core/Src/stm32f1xx_hal_msp.c.obj
 .debug_line    0x000007fa      0x1b7 CMakeFiles/ServoControl.elf.dir/Core/Src/stm32f1xx_it.c.obj
 .debug_line    0x000009b1      0x3d4 CMakeFiles/ServoControl.elf.dir/Core/Src/syscalls.c.obj
 .debug_line    0x00000d85      0x16d CMakeFiles/ServoControl.elf.dir/Core/Src/sysmem.c.obj
 .debug_line    0x00000ef2      0x21c CMakeFiles/ServoControl.elf.dir/Core/Src/system_stm32f1xx.c.obj
 .debug_line    0x0000110e       0xa3 CMakeFiles/ServoControl.elf.dir/Core/Startup/startup_stm32f103c8tx.s.obj
 .debug_line    0x000011b1      0x544 CMakeFiles/ServoControl.elf.dir/Drivers/STM32F1xx_HAL_Driver/Src/stm32f1xx_hal.c.obj
 .debug_line    0x000016f5      0x62f CMakeFiles/ServoControl.elf.dir/Drivers/STM32F1xx_HAL_Driver/Src/stm32f1xx_hal_cortex.c.obj
 .debug_line    0x00001d24      0x5d7 CMakeFiles/ServoControl.elf.dir/Drivers/STM32F1xx_HAL_Driver/Src/stm32f1xx_hal_gpio.c.obj
 .debug_line    0x000022fb      0xc14 CMakeFiles/ServoControl.elf.dir/Drivers/STM32F1xx_HAL_Driver/Src/stm32f1xx_hal_rcc.c.obj
 .debug_line    0x00002f0f     0x496c CMakeFiles/ServoControl.elf.dir/Drivers/STM32F1xx_HAL_Driver/Src/stm32f1xx_hal_tim.c.obj
 .debug_line    0x0000787b     0x1be4 CMakeFiles/ServoControl.elf.dir/Drivers/STM32F1xx_HAL_Driver/Src/stm32f1xx_hal_tim_ex.c.obj
 .debug_line    0x0000945f      0x5cf CMakeFiles/ServoControl.elf.dir/UserApp/Servo/Servo.c.obj

.debug_str      0x00000000     0x324a
 .debug_str     0x00000000      0xa94 CMakeFiles/ServoControl.elf.dir/Core/Src/main.c.obj
                                0xb60 (size before relaxing)
 .debug_str     0x00000a94      0x10b CMakeFiles/ServoControl.elf.dir/Core/Src/stm32f1xx_hal_msp.c.obj
                                0x7ce (size before relaxing)
 .debug_str     0x00000b9f       0xd4 CMakeFiles/ServoControl.elf.dir/Core/Src/stm32f1xx_it.c.obj
                                0x26c (size before relaxing)
 .debug_str     0x00000c73      0x236 CMakeFiles/ServoControl.elf.dir/Core/Src/syscalls.c.obj
                                0x424 (size before relaxing)
 .debug_str     0x00000ea9       0x9c CMakeFiles/ServoControl.elf.dir/Core/Src/sysmem.c.obj
                                0x250 (size before relaxing)
 .debug_str     0x00000f45       0x9b CMakeFiles/ServoControl.elf.dir/Core/Src/system_stm32f1xx.c.obj
                                0x28c (size before relaxing)
 .debug_str     0x00000fe0       0x53 CMakeFiles/ServoControl.elf.dir/Core/Startup/startup_stm32f103c8tx.s.obj
                                 0x85 (size before relaxing)
 .debug_str     0x00001033      0x606 CMakeFiles/ServoControl.elf.dir/Drivers/STM32F1xx_HAL_Driver/Src/stm32f1xx_hal.c.obj
                                0x85c (size before relaxing)
 .debug_str     0x00001639      0x3e2 CMakeFiles/ServoControl.elf.dir/Drivers/STM32F1xx_HAL_Driver/Src/stm32f1xx_hal_cortex.c.obj
                                0x90b (size before relaxing)
 .debug_str     0x00001a1b      0x175 CMakeFiles/ServoControl.elf.dir/Drivers/STM32F1xx_HAL_Driver/Src/stm32f1xx_hal_gpio.c.obj
                                0x438 (size before relaxing)
 .debug_str     0x00001b90      0x211 CMakeFiles/ServoControl.elf.dir/Drivers/STM32F1xx_HAL_Driver/Src/stm32f1xx_hal_rcc.c.obj
                                0x663 (size before relaxing)
 .debug_str     0x00001da1      0xe9a CMakeFiles/ServoControl.elf.dir/Drivers/STM32F1xx_HAL_Driver/Src/stm32f1xx_hal_tim.c.obj
                               0x1677 (size before relaxing)
 .debug_str     0x00002c3b      0x48f CMakeFiles/ServoControl.elf.dir/Drivers/STM32F1xx_HAL_Driver/Src/stm32f1xx_hal_tim_ex.c.obj
                                0xe78 (size before relaxing)
 .debug_str     0x000030ca      0x180 CMakeFiles/ServoControl.elf.dir/UserApp/Servo/Servo.c.obj
                                0x904 (size before relaxing)

.comment        0x00000000       0x4d
 .comment       0x00000000       0x4d CMakeFiles/ServoControl.elf.dir/Core/Src/main.c.obj
                                 0x4e (size before relaxing)
 .comment       0x0000004d       0x4e CMakeFiles/ServoControl.elf.dir/Core/Src/stm32f1xx_hal_msp.c.obj
 .comment       0x0000004d       0x4e CMakeFiles/ServoControl.elf.dir/Core/Src/stm32f1xx_it.c.obj
 .comment       0x0000004d       0x4e CMakeFiles/ServoControl.elf.dir/Core/Src/syscalls.c.obj
 .comment       0x0000004d       0x4e CMakeFiles/ServoControl.elf.dir/Core/Src/sysmem.c.obj
 .comment       0x0000004d       0x4e CMakeFiles/ServoControl.elf.dir/Core/Src/system_stm32f1xx.c.obj
 .comment       0x0000004d       0x4e CMakeFiles/ServoControl.elf.dir/Drivers/STM32F1xx_HAL_Driver/Src/stm32f1xx_hal.c.obj
 .comment       0x0000004d       0x4e CMakeFiles/ServoControl.elf.dir/Drivers/STM32F1xx_HAL_Driver/Src/stm32f1xx_hal_cortex.c.obj
 .comment       0x0000004d       0x4e CMakeFiles/ServoControl.elf.dir/Drivers/STM32F1xx_HAL_Driver/Src/stm32f1xx_hal_gpio.c.obj
 .comment       0x0000004d       0x4e CMakeFiles/ServoControl.elf.dir/Drivers/STM32F1xx_HAL_Driver/Src/stm32f1xx_hal_rcc.c.obj
 .comment       0x0000004d       0x4e CMakeFiles/ServoControl.elf.dir/Drivers/STM32F1xx_HAL_Driver/Src/stm32f1xx_hal_tim.c.obj
 .comment       0x0000004d       0x4e CMakeFiles/ServoControl.elf.dir/Drivers/STM32F1xx_HAL_Driver/Src/stm32f1xx_hal_tim_ex.c.obj
 .comment       0x0000004d       0x4e CMakeFiles/ServoControl.elf.dir/UserApp/Servo/Servo.c.obj

.debug_frame    0x00000000     0x304c
 .debug_frame   0x00000000       0x94 CMakeFiles/ServoControl.elf.dir/Core/Src/main.c.obj
 .debug_frame   0x00000094       0x70 CMakeFiles/ServoControl.elf.dir/Core/Src/stm32f1xx_hal_msp.c.obj
 .debug_frame   0x00000104       0xa8 CMakeFiles/ServoControl.elf.dir/Core/Src/stm32f1xx_it.c.obj
 .debug_frame   0x000001ac      0x190 CMakeFiles/ServoControl.elf.dir/Core/Src/syscalls.c.obj
 .debug_frame   0x0000033c       0x28 CMakeFiles/ServoControl.elf.dir/Core/Src/sysmem.c.obj
 .debug_frame   0x00000364       0x30 CMakeFiles/ServoControl.elf.dir/Core/Src/system_stm32f1xx.c.obj
 .debug_frame   0x00000394      0x1cc CMakeFiles/ServoControl.elf.dir/Drivers/STM32F1xx_HAL_Driver/Src/stm32f1xx_hal.c.obj
 .debug_frame   0x00000560      0x118 CMakeFiles/ServoControl.elf.dir/Drivers/STM32F1xx_HAL_Driver/Src/stm32f1xx_hal_cortex.c.obj
 .debug_frame   0x00000678       0xe4 CMakeFiles/ServoControl.elf.dir/Drivers/STM32F1xx_HAL_Driver/Src/stm32f1xx_hal_gpio.c.obj
 .debug_frame   0x0000075c      0x184 CMakeFiles/ServoControl.elf.dir/Drivers/STM32F1xx_HAL_Driver/Src/stm32f1xx_hal_rcc.c.obj
 .debug_frame   0x000008e0      0xb18 CMakeFiles/ServoControl.elf.dir/Drivers/STM32F1xx_HAL_Driver/Src/stm32f1xx_hal_tim.c.obj
 .debug_frame   0x000013f8      0x40c CMakeFiles/ServoControl.elf.dir/Drivers/STM32F1xx_HAL_Driver/Src/stm32f1xx_hal_tim_ex.c.obj
 .debug_frame   0x00001804      0x100 CMakeFiles/ServoControl.elf.dir/UserApp/Servo/Servo.c.obj
 .debug_frame   0x00001904       0x4c e:/compiler/bin/../lib/gcc/arm-none-eabi/10.2.1/thumb/v7-m/nofp\libgcc.a(_arm_addsubsf3.o)
 .debug_frame   0x00001950       0x38 e:/compiler/bin/../lib/gcc/arm-none-eabi/10.2.1/thumb/v7-m/nofp\libgcc.a(_arm_muldivsf3.o)
 .debug_frame   0x00001988       0xc8 e:/compiler/bin/../lib/gcc/arm-none-eabi/10.2.1/thumb/v7-m/nofp\libgcc.a(_arm_cmpsf2.o)
 .debug_frame   0x00001a50       0x24 e:/compiler/bin/../lib/gcc/arm-none-eabi/10.2.1/thumb/v7-m/nofp\libgcc.a(_arm_fixunssfsi.o)
 .debug_frame   0x00001a74       0x20 e:/compiler/bin/../lib/gcc/arm-none-eabi/10.2.1/../../../../arm-none-eabi/lib/thumb/v7-m/nofp\libg.a(lib_a-errno.o)
 .debug_frame   0x00001a94       0x2c e:/compiler/bin/../lib/gcc/arm-none-eabi/10.2.1/../../../../arm-none-eabi/lib/thumb/v7-m/nofp\libg.a(lib_a-init.o)
 .debug_frame   0x00001ac0       0x2c e:/compiler/bin/../lib/gcc/arm-none-eabi/10.2.1/../../../../arm-none-eabi/lib/thumb/v7-m/nofp\libg.a(lib_a-memset.o)
 .debug_frame   0x00001aec       0x74 e:/compiler/bin/../lib/gcc/arm-none-eabi/10.2.1/../../../../arm-none-eabi/lib/thumb/v7-m/nofp\libg.a(lib_a-printf.o)
 .debug_frame   0x00001b60       0x48 e:/compiler/bin/../lib/gcc/arm-none-eabi/10.2.1/../../../../arm-none-eabi/lib/thumb/v7-m/nofp\libg.a(lib_a-puts.o)
 .debug_frame   0x00001ba8       0x20 e:/compiler/bin/../lib/gcc/arm-none-eabi/10.2.1/../../../../arm-none-eabi/lib/thumb/v7-m/nofp\libg.a(lib_a-strlen-stub.o)
 .debug_frame   0x00001bc8       0x94 e:/compiler/bin/../lib/gcc/arm-none-eabi/10.2.1/../../../../arm-none-eabi/lib/thumb/v7-m/nofp\libg.a(lib_a-vfprintf.o)
 .debug_frame   0x00001c5c       0x2c e:/compiler/bin/../lib/gcc/arm-none-eabi/10.2.1/../../../../arm-none-eabi/lib/thumb/v7-m/nofp\libg.a(lib_a-wsetup.o)
 .debug_frame   0x00001c88       0x5c e:/compiler/bin/../lib/gcc/arm-none-eabi/10.2.1/../../../../arm-none-eabi/lib/thumb/v7-m/nofp\libg.a(lib_a-__call_atexit.o)
 .debug_frame   0x00001ce4       0x20 e:/compiler/bin/../lib/gcc/arm-none-eabi/10.2.1/../../../../arm-none-eabi/lib/thumb/v7-m/nofp\libg.a(lib_a-atexit.o)
 .debug_frame   0x00001d04       0x8c e:/compiler/bin/../lib/gcc/arm-none-eabi/10.2.1/../../../../arm-none-eabi/lib/thumb/v7-m/nofp\libg.a(lib_a-dtoa.o)
 .debug_frame   0x00001d90       0x70 e:/compiler/bin/../lib/gcc/arm-none-eabi/10.2.1/../../../../arm-none-eabi/lib/thumb/v7-m/nofp\libg.a(lib_a-fflush.o)
 .debug_frame   0x00001e00      0x154 e:/compiler/bin/../lib/gcc/arm-none-eabi/10.2.1/../../../../arm-none-eabi/lib/thumb/v7-m/nofp\libg.a(lib_a-findfp.o)
 .debug_frame   0x00001f54       0x34 e:/compiler/bin/../lib/gcc/arm-none-eabi/10.2.1/../../../../arm-none-eabi/lib/thumb/v7-m/nofp\libg.a(lib_a-fini.o)
 .debug_frame   0x00001f88       0x8c e:/compiler/bin/../lib/gcc/arm-none-eabi/10.2.1/../../../../arm-none-eabi/lib/thumb/v7-m/nofp\libg.a(lib_a-freer.o)
 .debug_frame   0x00002014       0x64 e:/compiler/bin/../lib/gcc/arm-none-eabi/10.2.1/../../../../arm-none-eabi/lib/thumb/v7-m/nofp\libg.a(lib_a-fvwrite.o)
 .debug_frame   0x00002078       0x54 e:/compiler/bin/../lib/gcc/arm-none-eabi/10.2.1/../../../../arm-none-eabi/lib/thumb/v7-m/nofp\libg.a(lib_a-fwalk.o)
 .debug_frame   0x000020cc       0x40 e:/compiler/bin/../lib/gcc/arm-none-eabi/10.2.1/../../../../arm-none-eabi/lib/thumb/v7-m/nofp\libg.a(lib_a-localeconv.o)
 .debug_frame   0x0000210c       0xb0 e:/compiler/bin/../lib/gcc/arm-none-eabi/10.2.1/../../../../arm-none-eabi/lib/thumb/v7-m/nofp\libg.a(lib_a-lock.o)
 .debug_frame   0x000021bc       0x70 e:/compiler/bin/../lib/gcc/arm-none-eabi/10.2.1/../../../../arm-none-eabi/lib/thumb/v7-m/nofp\libg.a(lib_a-makebuf.o)
 .debug_frame   0x0000222c       0x4c e:/compiler/bin/../lib/gcc/arm-none-eabi/10.2.1/../../../../arm-none-eabi/lib/thumb/v7-m/nofp\libg.a(lib_a-mallocr.o)
 .debug_frame   0x00002278       0x28 e:/compiler/bin/../lib/gcc/arm-none-eabi/10.2.1/../../../../arm-none-eabi/lib/thumb/v7-m/nofp\libg.a(lib_a-memchr-stub.o)
 .debug_frame   0x000022a0       0x40 e:/compiler/bin/../lib/gcc/arm-none-eabi/10.2.1/../../../../arm-none-eabi/lib/thumb/v7-m/nofp\libg.a(lib_a-memmove.o)
 .debug_frame   0x000022e0       0x30 e:/compiler/bin/../lib/gcc/arm-none-eabi/10.2.1/../../../../arm-none-eabi/lib/thumb/v7-m/nofp\libg.a(lib_a-mlock.o)
 .debug_frame   0x00002310      0x260 e:/compiler/bin/../lib/gcc/arm-none-eabi/10.2.1/../../../../arm-none-eabi/lib/thumb/v7-m/nofp\libg.a(lib_a-mprec.o)
 .debug_frame   0x00002570       0x48 e:/compiler/bin/../lib/gcc/arm-none-eabi/10.2.1/../../../../arm-none-eabi/lib/thumb/v7-m/nofp\libg.a(lib_a-reallocr.o)
 .debug_frame   0x000025b8       0x30 e:/compiler/bin/../lib/gcc/arm-none-eabi/10.2.1/../../../../arm-none-eabi/lib/thumb/v7-m/nofp\libg.a(lib_a-s_frexp.o)
 .debug_frame   0x000025e8       0x2c e:/compiler/bin/../lib/gcc/arm-none-eabi/10.2.1/../../../../arm-none-eabi/lib/thumb/v7-m/nofp\libg.a(lib_a-sbrkr.o)
 .debug_frame   0x00002614       0x8c e:/compiler/bin/../lib/gcc/arm-none-eabi/10.2.1/../../../../arm-none-eabi/lib/thumb/v7-m/nofp\libg.a(lib_a-stdio.o)
 .debug_frame   0x000026a0       0x2c e:/compiler/bin/../lib/gcc/arm-none-eabi/10.2.1/../../../../arm-none-eabi/lib/thumb/v7-m/nofp\libg.a(lib_a-strncpy.o)
 .debug_frame   0x000026cc       0xdc e:/compiler/bin/../lib/gcc/arm-none-eabi/10.2.1/../../../../arm-none-eabi/lib/thumb/v7-m/nofp\libg.a(lib_a-vfiprintf.o)
 .debug_frame   0x000027a8       0x2c e:/compiler/bin/../lib/gcc/arm-none-eabi/10.2.1/../../../../arm-none-eabi/lib/thumb/v7-m/nofp\libg.a(lib_a-writer.o)
 .debug_frame   0x000027d4       0x34 e:/compiler/bin/../lib/gcc/arm-none-eabi/10.2.1/../../../../arm-none-eabi/lib/thumb/v7-m/nofp\libg.a(lib_a-__atexit.o)
 .debug_frame   0x00002808       0x40 e:/compiler/bin/../lib/gcc/arm-none-eabi/10.2.1/../../../../arm-none-eabi/lib/thumb/v7-m/nofp\libg.a(lib_a-assert.o)
 .debug_frame   0x00002848       0x28 e:/compiler/bin/../lib/gcc/arm-none-eabi/10.2.1/../../../../arm-none-eabi/lib/thumb/v7-m/nofp\libg.a(lib_a-callocr.o)
 .debug_frame   0x00002870       0x2c e:/compiler/bin/../lib/gcc/arm-none-eabi/10.2.1/../../../../arm-none-eabi/lib/thumb/v7-m/nofp\libg.a(lib_a-closer.o)
 .debug_frame   0x0000289c       0x3c e:/compiler/bin/../lib/gcc/arm-none-eabi/10.2.1/../../../../arm-none-eabi/lib/thumb/v7-m/nofp\libg.a(lib_a-fclose.o)
 .debug_frame   0x000028d8       0x6c e:/compiler/bin/../lib/gcc/arm-none-eabi/10.2.1/../../../../arm-none-eabi/lib/thumb/v7-m/nofp\libg.a(lib_a-fiprintf.o)
 .debug_frame   0x00002944       0x88 e:/compiler/bin/../lib/gcc/arm-none-eabi/10.2.1/../../../../arm-none-eabi/lib/thumb/v7-m/nofp\libg.a(lib_a-fputwc.o)
 .debug_frame   0x000029cc       0x2c e:/compiler/bin/../lib/gcc/arm-none-eabi/10.2.1/../../../../arm-none-eabi/lib/thumb/v7-m/nofp\libg.a(lib_a-fstatr.o)
 .debug_frame   0x000029f8       0x2c e:/compiler/bin/../lib/gcc/arm-none-eabi/10.2.1/../../../../arm-none-eabi/lib/thumb/v7-m/nofp\libg.a(lib_a-isattyr.o)
 .debug_frame   0x00002a24       0x68 e:/compiler/bin/../lib/gcc/arm-none-eabi/10.2.1/../../../../arm-none-eabi/lib/thumb/v7-m/nofp\libg.a(lib_a-locale.o)
 .debug_frame   0x00002a8c       0x2c e:/compiler/bin/../lib/gcc/arm-none-eabi/10.2.1/../../../../arm-none-eabi/lib/thumb/v7-m/nofp\libg.a(lib_a-lseekr.o)
 .debug_frame   0x00002ab8       0x4c e:/compiler/bin/../lib/gcc/arm-none-eabi/10.2.1/../../../../arm-none-eabi/lib/thumb/v7-m/nofp\libg.a(lib_a-mbtowc_r.o)
 .debug_frame   0x00002b04       0x2c e:/compiler/bin/../lib/gcc/arm-none-eabi/10.2.1/../../../../arm-none-eabi/lib/thumb/v7-m/nofp\libg.a(lib_a-readr.o)
 .debug_frame   0x00002b30       0x64 e:/compiler/bin/../lib/gcc/arm-none-eabi/10.2.1/../../../../arm-none-eabi/lib/thumb/v7-m/nofp\libg.a(lib_a-reent.o)
 .debug_frame   0x00002b94       0x40 e:/compiler/bin/../lib/gcc/arm-none-eabi/10.2.1/../../../../arm-none-eabi/lib/thumb/v7-m/nofp\libg.a(lib_a-wbuf.o)
 .debug_frame   0x00002bd4       0x60 e:/compiler/bin/../lib/gcc/arm-none-eabi/10.2.1/../../../../arm-none-eabi/lib/thumb/v7-m/nofp\libg.a(lib_a-wcrtomb.o)
 .debug_frame   0x00002c34       0x3c e:/compiler/bin/../lib/gcc/arm-none-eabi/10.2.1/../../../../arm-none-eabi/lib/thumb/v7-m/nofp\libg.a(lib_a-wctomb_r.o)
 .debug_frame   0x00002c70       0x28 e:/compiler/bin/../lib/gcc/arm-none-eabi/10.2.1/../../../../arm-none-eabi/lib/thumb/v7-m/nofp\libg.a(lib_a-abort.o)
 .debug_frame   0x00002c98      0x114 e:/compiler/bin/../lib/gcc/arm-none-eabi/10.2.1/../../../../arm-none-eabi/lib/thumb/v7-m/nofp\libg.a(lib_a-signal.o)
 .debug_frame   0x00002dac       0x3c e:/compiler/bin/../lib/gcc/arm-none-eabi/10.2.1/../../../../arm-none-eabi/lib/thumb/v7-m/nofp\libg.a(lib_a-signalr.o)
 .debug_frame   0x00002de8       0xac e:/compiler/bin/../lib/gcc/arm-none-eabi/10.2.1/thumb/v7-m/nofp\libgcc.a(_arm_addsubdf3.o)
 .debug_frame   0x00002e94       0x50 e:/compiler/bin/../lib/gcc/arm-none-eabi/10.2.1/thumb/v7-m/nofp\libgcc.a(_arm_muldivdf3.o)
 .debug_frame   0x00002ee4       0xc4 e:/compiler/bin/../lib/gcc/arm-none-eabi/10.2.1/thumb/v7-m/nofp\libgcc.a(_arm_cmpdf2.o)
 .debug_frame   0x00002fa8       0x20 e:/compiler/bin/../lib/gcc/arm-none-eabi/10.2.1/thumb/v7-m/nofp\libgcc.a(_arm_unorddf2.o)
 .debug_frame   0x00002fc8       0x24 e:/compiler/bin/../lib/gcc/arm-none-eabi/10.2.1/thumb/v7-m/nofp\libgcc.a(_arm_fixdfsi.o)
 .debug_frame   0x00002fec       0x2c e:/compiler/bin/../lib/gcc/arm-none-eabi/10.2.1/thumb/v7-m/nofp\libgcc.a(_aeabi_uldivmod.o)
 .debug_frame   0x00003018       0x34 e:/compiler/bin/../lib/gcc/arm-none-eabi/10.2.1/thumb/v7-m/nofp\libgcc.a(_udivmoddi4.o)

.debug_loc      0x00000000     0x8b94
 .debug_loc     0x00000000       0x57 CMakeFiles/ServoControl.elf.dir/Core/Src/stm32f1xx_hal_msp.c.obj
 .debug_loc     0x00000057      0x3c5 CMakeFiles/ServoControl.elf.dir/Core/Src/syscalls.c.obj
 .debug_loc     0x0000041c       0x64 CMakeFiles/ServoControl.elf.dir/Core/Src/sysmem.c.obj
 .debug_loc     0x00000480       0xff CMakeFiles/ServoControl.elf.dir/Core/Src/system_stm32f1xx.c.obj
 .debug_loc     0x0000057f      0x141 CMakeFiles/ServoControl.elf.dir/Drivers/STM32F1xx_HAL_Driver/Src/stm32f1xx_hal.c.obj
 .debug_loc     0x000006c0      0x71f CMakeFiles/ServoControl.elf.dir/Drivers/STM32F1xx_HAL_Driver/Src/stm32f1xx_hal_cortex.c.obj
 .debug_loc     0x00000ddf      0x47d CMakeFiles/ServoControl.elf.dir/Drivers/STM32F1xx_HAL_Driver/Src/stm32f1xx_hal_gpio.c.obj
 .debug_loc     0x0000125c      0x618 CMakeFiles/ServoControl.elf.dir/Drivers/STM32F1xx_HAL_Driver/Src/stm32f1xx_hal_rcc.c.obj
 .debug_loc     0x00001874     0x50fa CMakeFiles/ServoControl.elf.dir/Drivers/STM32F1xx_HAL_Driver/Src/stm32f1xx_hal_tim.c.obj